Component: ARM Compiler 5.06 update 5 (build 528) Tool: armlink [4d35e2]

==============================================================================

Section Cross References

    system_stm32f4xx.o(i.SystemCoreClockUpdate) refers to system_stm32f4xx.o(.data) for SystemCoreClock
    system_stm32f4xx.o(i.SystemInit) refers to system_stm32f4xx.o(i.SetSysClock) for SetSysClock
    main.o(i.main) refers to misc.o(i.NVIC_PriorityGroupConfig) for NVIC_PriorityGroupConfig
    main.o(i.main) refers to board.o(i.board_init) for board_init
    main.o(i.main) refers to bsp_uart.o(i.uart1_init) for uart1_init
    main.o(i.main) refers to bsp_uart.o(i.uart2_init) for uart2_init
    main.o(i.main) refers to bsp_uart.o(i.uart3_init) for uart3_init
    main.o(i.main) refers to app_motor.o(i.App_Motor_Init) for App_Motor_Init
    main.o(i.main) refers to bsp_encoder.o(i.Encoder_Init_All) for Encoder_Init_All
    main.o(i.main) refers to app_vision.o(i.App_Vision_Init) for App_Vision_Init
    main.o(i.main) refers to bsp_led.o(i.LED_Init) for LED_Init
    main.o(i.main) refers to app_task.o(i.App_Task_Init) for App_Task_Init
    main.o(i.main) refers to bsp_timer.o(i.Timer_PID_Init) for Timer_PID_Init
    main.o(i.main) refers to board.o(i.delay_ms) for delay_ms
    main.o(i.main) refers to printfa.o(i.__0printf) for __2printf
    main.o(i.main) refers to board.o(i.get_tick) for get_tick
    main.o(i.main) refers to f2d.o(.text) for __aeabi_f2d
    main.o(i.main) refers to app_task.o(i.App_Task_Run) for App_Task_Run
    main.o(i.main) refers to app_motor.o(.data) for g_base_speed
    main.o(i.main) refers to app_vision.o(.bss) for g_vision_info
    main.o(i.main) refers to bsp_uart.o(.data) for g_yaw
    main.o(i.main) refers to main.o(.data) for g_main_target_yaw
    stm32f4xx_it.o(i.SysTick_Handler) refers to board.o(.data) for g_system_tick
    app_motor.o(i.App_Motor_Init) refers to bsp_motor.o(i.TB6612_Init) for TB6612_Init
    app_motor.o(i.Motor_Position_Control_Loop) refers to app_motor.o(.data) for pid_Pos
    app_motor.o(i.Motor_Speed_Control_PID) refers to bsp_encoder.o(i.Encoder_Get_Speed_Left) for Encoder_Get_Speed_Left
    app_motor.o(i.Motor_Speed_Control_PID) refers to bsp_encoder.o(i.Encoder_Get_Speed_Right) for Encoder_Get_Speed_Right
    app_motor.o(i.Motor_Speed_Control_PID) refers to app_vision.o(i.Vision_Check_Timeout) for Vision_Check_Timeout
    app_motor.o(i.Motor_Speed_Control_PID) refers to app_vision.o(i.Vision_Control_Loop) for Vision_Control_Loop
    app_motor.o(i.Motor_Speed_Control_PID) refers to app_motor.o(i.Motor_Get_LostLine_Target_Yaw) for Motor_Get_LostLine_Target_Yaw
    app_motor.o(i.Motor_Speed_Control_PID) refers to app_motor.o(i.Motor_Yaw_Control_Loop) for Motor_Yaw_Control_Loop
    app_motor.o(i.Motor_Speed_Control_PID) refers to app_motor.o(i.PID_Position_Compute) for PID_Position_Compute
    app_motor.o(i.Motor_Speed_Control_PID) refers to bsp_motor.o(i.AO_Control) for AO_Control
    app_motor.o(i.Motor_Speed_Control_PID) refers to bsp_motor.o(i.BO_Control) for BO_Control
    app_motor.o(i.Motor_Speed_Control_PID) refers to app_motor.o(.data) for g_odom_distance_count
    app_motor.o(i.Motor_Speed_Control_PID) refers to main.o(.data) for g_main_target_yaw
    app_motor.o(i.Motor_Speed_Control_PID) refers to app_vision.o(.bss) for g_vision_info
    app_motor.o(i.Motor_Speed_Control_PID) refers to bsp_uart.o(.data) for g_yaw
    app_motor.o(i.Motor_Yaw_Control_Loop) refers to app_motor.o(.data) for pid_Yaw
    app_motor.o(i.PID_Position_Compute) refers to f2d.o(.text) for __aeabi_f2d
    app_motor.o(i.PID_Position_Compute) refers to fabs.o(i.__hardfp_fabs) for __hardfp_fabs
    app_motor.o(i.PID_Position_Compute) refers to cdcmple.o(.text) for __aeabi_cdcmple
    app_vision.o(i.App_Vision_Init) refers to app_vision.o(.bss) for g_vision_info
    app_vision.o(i.Vision_Check_Timeout) refers to board.o(i.get_tick) for get_tick
    app_vision.o(i.Vision_Check_Timeout) refers to app_vision.o(.bss) for g_vision_info
    app_vision.o(i.Vision_Control_Loop) refers to app_vision.o(.data) for pid_Vision
    app_vision.o(i.Vision_Data_Parse) refers to board.o(i.get_tick) for get_tick
    app_vision.o(i.Vision_Data_Parse) refers to app_vision.o(.bss) for g_vision_info
    app_task.o(i.App_Task_Init) refers to app_task.o(.data) for g_current_mode
    app_task.o(i.App_Task_Run) refers to app_task.o(i.Run_Task_1) for Run_Task_1
    app_task.o(i.App_Task_Run) refers to app_task.o(i.Run_Task_2) for Run_Task_2
    app_task.o(i.App_Task_Run) refers to app_task.o(i.Run_Task_3) for Run_Task_3
    app_task.o(i.App_Task_Run) refers to app_task.o(i.Run_Task_4) for Run_Task_4
    app_task.o(i.App_Task_Run) refers to app_task.o(.data) for g_current_mode
    app_task.o(i.App_Task_Run) refers to app_motor.o(.data) for g_base_speed
    app_task.o(i.Run_Task_1) refers to app_motor.o(i.Motor_Position_Control_Loop) for Motor_Position_Control_Loop
[...]
    ../clib/microlib/division.c              0x00000000   Number         0  uidiv.o ABSOLUTE
    ../clib/microlib/division.c              0x00000000   Number         0  uldiv.o ABSOLUTE
    ../clib/microlib/errno.c                 0x00000000   Number         0  errno.o ABSOLUTE
    ../clib/microlib/init/entry.s            0x00000000   Number         0  entry2.o ABSOLUTE
    ../clib/microlib/init/entry.s            0x00000000   Number         0  entry5.o ABSOLUTE
    ../clib/microlib/init/entry.s            0x00000000   Number         0  entry7a.o ABSOLUTE
    ../clib/microlib/init/entry.s            0x00000000   Number         0  entry7b.o ABSOLUTE
    ../clib/microlib/init/entry.s            0x00000000   Number         0  entry8b.o ABSOLUTE
    ../clib/microlib/init/entry.s            0x00000000   Number         0  entry9a.o ABSOLUTE
    ../clib/microlib/init/entry.s            0x00000000   Number         0  entry9b.o ABSOLUTE
    ../clib/microlib/init/entry.s            0x00000000   Number         0  entry11b.o ABSOLUTE
    ../clib/microlib/init/entry.s            0x00000000   Number         0  entry10a.o ABSOLUTE
    ../clib/microlib/init/entry.s            0x00000000   Number         0  entry10b.o ABSOLUTE
    ../clib/microlib/init/entry.s            0x00000000   Number         0  entry11a.o ABSOLUTE
    ../clib/microlib/init/entry.s            0x00000000   Number         0  entry.o ABSOLUTE
    ../clib/microlib/init/entry.s            0x00000000   Number         0  entry8a.o ABSOLUTE
    ../clib/microlib/longlong.c              0x00000000   Number         0  llushr.o ABSOLUTE
    ../clib/microlib/longlong.c              0x00000000   Number         0  llsshr.o ABSOLUTE
    ../clib/microlib/longlong.c              0x00000000   Number         0  llshl.o ABSOLUTE
    ../clib/microlib/printf/printf.c         0x00000000   Number         0  printf6.o ABSOLUTE
    ../clib/microlib/printf/printf.c         0x00000000   Number         0  printf0.o ABSOLUTE
    ../clib/microlib/printf/printf.c         0x00000000   Number         0  printfb.o ABSOLUTE
    ../clib/microlib/printf/printf.c         0x00000000   Number         0  printf1.o ABSOLUTE
    ../clib/microlib/printf/printf.c         0x00000000   Number         0  printf2.o ABSOLUTE
    ../clib/microlib/printf/printf.c         0x00000000   Number         0  printf3.o ABSOLUTE
    ../clib/microlib/printf/printf.c         0x00000000   Number         0  printf4.o ABSOLUTE
    ../clib/microlib/printf/printf.c         0x00000000   Number         0  printf5.o ABSOLUTE
    ../clib/microlib/printf/printf.c         0x00000000   Number         0  printfa.o ABSOLUTE
    ../clib/microlib/printf/printf.c         0x00000000   Number         0  printf8.o ABSOLUTE
    ../clib/microlib/printf/printf.c         0x00000000   Number         0  printf7.o ABSOLUTE
    ../clib/microlib/printf/stubs.s          0x00000000   Number         0  stubs.o ABSOLUTE
    ../clib/microlib/stdio/streams.c         0x00000000   Number         0  stdout.o ABSOLUTE
    ../clib/microlib/string/memset.c         0x00000000   Number         0  memseta.o ABSOLUTE
    ../clib/microlib/stubs.s                 0x00000000   Number         0  iusefp.o ABSOLUTE
    ../fplib/microlib/f2d.c                  0x00000000   Number         0  f2d.o ABSOLUTE
    ../fplib/microlib/fpadd.c                0x00000000   Number         0  dadd.o ABSOLUTE
    ../fplib/microlib/fpdiv.c                0x00000000   Number         0  ddiv.o ABSOLUTE
    ../fplib/microlib/fpepilogue.c           0x00000000   Number         0  depilogue.o ABSOLUTE
    ../fplib/microlib/fpfix.c                0x00000000   Number         0  dfixul.o ABSOLUTE
    ../fplib/microlib/fpmul.c                0x00000000   Number         0  dmul.o ABSOLUTE
    ../mathlib/atan2f.c                      0x00000000   Number         0  atan2f.o ABSOLUTE
    ../mathlib/atan2f.c                      0x00000000   Number         0  atan2f_x.o ABSOLUTE
    ../mathlib/cosf.c                        0x00000000   Number         0  cosf.o ABSOLUTE
    ../mathlib/cosf.c                        0x00000000   Number         0  cosf_x.o ABSOLUTE
    ../mathlib/fabs.c                        0x00000000   Number         0  fabs.o ABSOLUTE
    ../mathlib/fpclassifyf.c                 0x00000000   Number         0  fpclassifyf.o ABSOLUTE
    ../mathlib/funder.c                      0x00000000   Number         0  funder.o ABSOLUTE
    ../mathlib/rredf.c                       0x00000000   Number         0  rredf.o ABSOLUTE
    ../mathlib/sinf.c                        0x00000000   Number         0  sinf_x.o ABSOLUTE
    ../mathlib/sinf.c                        0x00000000   Number         0  sinf.o ABSOLUTE
    ..\..\app\app_motor.c                    0x00000000   Number         0  app_motor.o ABSOLUTE
    ..\..\app\app_task.c                     0x00000000   Number         0  app_task.o ABSOLUTE
    ..\..\app\app_vision.c                   0x00000000   Number         0  app_vision.o ABSOLUTE
    ..\..\app\main.c                         0x00000000   Number         0  main.o ABSOLUTE
    ..\..\board\board.c                      0x00000000   Number         0  board.o ABSOLUTE
    ..\..\bsp\bsp_encoder.c                  0x00000000   Number         0  bsp_encoder.o ABSOLUTE
    ..\..\bsp\bsp_led.c                      0x00000000   Number         0  bsp_led.o ABSOLUTE
    ..\..\bsp\bsp_motor.c                    0x00000000   Number         0  bsp_motor.o ABSOLUTE
    ..\..\bsp\bsp_timer.c                    0x00000000   Number         0  bsp_timer.o ABSOLUTE
    ..\..\bsp\uart\bsp_uart.c                0x00000000   Number         0  bsp_uart.o ABSOLUTE
    ..\..\libraries\CMSIS\Device\ST\STM32F4xx\Source\Templates\arm\startup_stm32f40xx.s 0x00000000   Number         0  startup_stm32f40xx.o ABSOLUTE
    ..\..\libraries\CMSIS\Device\ST\STM32F4xx\Source\Templates\system_stm32f4xx.c 0x00000000   Number         0  system_stm32f4xx.o ABSOLUTE
    ..\..\libraries\STM32F4xx_StdPeriph_Driver\src\misc.c 0x00000000   Number         0  misc.o ABSOLUTE
    ..\..\libraries\STM32F4xx_StdPeriph_Driver\src\stm32f4xx_adc.c 0x00000000   Number         0  stm32f4xx_adc.o ABSOLUTE
    ..\..\libraries\STM32F4xx_StdPeriph_Driver\src\stm32f4xx_can.c 0x00000000   Number         0  stm32f4xx_can.o ABSOLUTE
    ..\..\libraries\STM32F4xx_StdPeriph_Driver\src\stm32f4xx_cec.c 0x00000000   Number         0  stm32f4xx_cec.o ABSOLUTE
    ..\..\libraries\STM32F4xx_StdPeriph_Driver\src\stm32f4xx_crc.c 0x00000000   Number         0  stm32f4xx_crc.o ABSOLUTE
    ..\..\libraries\STM32F4xx_StdPeriph_Driver\src\stm32f4xx_cryp.c 0x00000000   Number         0  stm32f4xx_cryp.o ABSOLUTE
    ..\..\libraries\STM32F4xx_StdPeriph_Driver\src\stm32f4xx_cryp_aes.c 0x00000000   Number         0  stm32f4xx_cryp_aes.o ABSOLUTE
    ..\..\libraries\STM32F4xx_StdPeriph_Driver\src\stm32f4xx_cryp_des.c 0x00000000   Number         0  stm32f4xx_cryp_des.o ABSOLUTE
    ..\..\libraries\STM32F4xx_StdPeriph_Driver\src\stm32f4xx_cryp_tdes.c 0x00000000   Number         0  stm32f4xx_cryp_tdes.o ABSOLUTE
    ..\..\libraries\STM32F4xx_StdPeriph_Driver\src\stm32f4xx_dac.c 0x00000000   Number         0  stm32f4xx_dac.o ABSOLUTE
    ..\..\libraries\STM32F4xx_StdPeriph_Driver\src\stm32f4xx_dbgmcu.c 0x00000000   Number         0  stm32f4xx_dbgmcu.o ABSOLUTE
    ..\..\libraries\STM32F4xx_StdPeriph_Driver\src\stm32f4xx_dcmi.c 0x00000000   Number         0  stm32f4xx_dcmi.o ABSOLUTE
    ..\..\libraries\STM32F4xx_StdPeriph_Driver\src\stm32f4xx_dfsdm.c 0x00000000   Number         0  stm32f4xx_dfsdm.o ABSOLUTE
    ..\..\libraries\STM32F4xx_StdPeriph_Driver\src\stm32f4xx_dma.c 0x00000000   Number         0  stm32f4xx_dma.o ABSOLUTE
    ..\..\libraries\STM32F4xx_StdPeriph_Driver\src\stm32f4xx_dma2d.c 0x00000000   Number         0  stm32f4xx_dma2d.o ABSOLUTE
    ..\..\libraries\STM32F4xx_StdPeriph_Driver\src\stm32f4xx_dsi.c 0x00000000   Number         0  stm32f4xx_dsi.o ABSOLUTE
    ..\..\libraries\STM32F4xx_StdPeriph_Driver\src\stm32f4xx_exti.c 0x00000000   Number         0  stm32f4xx_exti.o ABSOLUTE
    ..\..\libraries\STM32F4xx_StdPeriph_Driver\src\stm32f4xx_flash.c 0x00000000   Number         0  stm32f4xx_flash.o ABSOLUTE
    ..\..\libraries\STM32F4xx_StdPeriph_Driver\src\stm32f4xx_flash_ramfunc.c 0x00000000   Number         0  stm32f4xx_flash_ramfunc.o ABSOLUTE
    ..\..\libraries\STM32F4xx_StdPeriph_Driver\src\stm32f4xx_fmpi2c.c 0x00000000   Number         0  stm32f4xx_fmpi2c.o ABSOLUTE
    ..\..\libraries\STM32F4xx_StdPeriph_Driver\src\stm32f4xx_fsmc.c 0x00000000   Number         0  stm32f4xx_fsmc.o ABSOLUTE
    ..\..\libraries\STM32F4xx_StdPeriph_Driver\src\stm32f4xx_gpio.c 0x00000000   Number         0  stm32f4xx_gpio.o ABSOLUTE
    ..\..\libraries\STM32F4xx_StdPeriph_Driver\src\stm32f4xx_hash.c 0x00000000   Number         0  stm32f4xx_hash.o ABSOLUTE
    ..\..\libraries\STM32F4xx_StdPeriph_Driver\src\stm32f4xx_hash_md5.c 0x00000000   Number         0  stm32f4xx_hash_md5.o ABSOLUTE
    ..\..\libraries\STM32F4xx_StdPeriph_Driver\src\stm32f4xx_hash_sha1.c 0x00000000   Number         0  stm32f4xx_hash_sha1.o ABSOLUTE
    ..\..\libraries\STM32F4xx_StdPeriph_Driver\src\stm32f4xx_i2c.c 0x00000000   Number         0  stm32f4xx_i2c.o ABSOLUTE
    ..\..\libraries\STM32F4xx_StdPeriph_Driver\src\stm32f4xx_iwdg.c 0x00000000   Number         0  stm32f4xx_iwdg.o ABSOLUTE
    ..\..\libraries\STM32F4xx_StdPeriph_Driver\src\stm32f4xx_lptim.c 0x00000000   Number         0  stm32f4xx_lptim.o ABSOLUTE
    ..\..\libraries\STM32F4xx_StdPeriph_Driver\src\stm32f4xx_ltdc.c 0x00000000   Number         0  stm32f4xx_ltdc.o ABSOLUTE
    ..\..\libraries\STM32F4xx_StdPeriph_Driver\src\stm32f4xx_pwr.c 0x00000000   Number         0  stm32f4xx_pwr.o ABSOLUTE
    ..\..\libraries\STM32F4xx_StdPeriph_Driver\src\stm32f4xx_qspi.c 0x00000000   Number         0  stm32f4xx_qspi.o ABSOLUTE
    ..\..\libraries\STM32F4xx_StdPeriph_Driver\src\stm32f4xx_rcc.c 0x00000000   Number         0  stm32f4xx_rcc.o ABSOLUTE
    ..\..\libraries\STM32F4xx_StdPeriph_Driver\src\stm32f4xx_rng.c 0x00000000   Number         0  stm32f4xx_rng.o ABSOLUTE
    ..\..\libraries\STM32F4xx_StdPeriph_Driver\src\stm32f4xx_rtc.c 0x00000000   Number         0  stm32f4xx_rtc.o ABSOLUTE
    ..\..\libraries\STM32F4xx_StdPeriph_Driver\src\stm32f4xx_sai.c 0x00000000   Number         0  stm32f4xx_sai.o ABSOLUTE
    ..\..\libraries\STM32F4xx_StdPeriph_Driver\src\stm32f4xx_sdio.c 0x00000000   Number         0  stm32f4xx_sdio.o ABSOLUTE
    ..\..\libraries\STM32F4xx_StdPeriph_Driver\src\stm32f4xx_spdifrx.c 0x00000000   Number         0  stm32f4xx_spdifrx.o ABSOLUTE
    ..\..\libraries\STM32F4xx_StdPeriph_Driver\src\stm32f4xx_spi.c 0x00000000   Number         0  stm32f4xx_spi.o ABSOLUTE
    ..\..\libraries\STM32F4xx_StdPeriph_Driver\src\stm32f4xx_syscfg.c 0x00000000   Number         0  stm32f4xx_syscfg.o ABSOLUTE
    ..\..\libraries\STM32F4xx_StdPeriph_Driver\src\stm32f4xx_tim.c 0x00000000   Number         0  stm32f4xx_tim.o ABSOLUTE
    ..\..\libraries\STM32F4xx_StdPeriph_Driver\src\stm32f4xx_usart.c 0x00000000   Number         0  stm32f4xx_usart.o ABSOLUTE
    ..\..\libraries\STM32F4xx_StdPeriph_Driver\src\stm32f4xx_wwdg.c 0x00000000   Number         0  stm32f4xx_wwdg.o ABSOLUTE
    ..\..\module\stm32f4xx_it.c              0x00000000   Number         0  stm32f4xx_it.o ABSOLUTE
    ..\\..\\app\\app_motor.c                 0x00000000   Number         0  app_motor.o ABSOLUTE
    ..\\..\\app\\app_task.c                  0x00000000   Number         0  app_task.o ABSOLUTE
    ..\\..\\app\\app_vision.c                0x00000000   Number         0  app_vision.o ABSOLUTE
    ..\\..\\app\\main.c                      0x00000000   Number         0  main.o ABSOLUTE
    ..\\..\\board\\board.c                   0x00000000   Number         0  board.o ABSOLUTE
    ..\\..\\bsp\\bsp_encoder.c               0x00000000   Number         0  bsp_encoder.o ABSOLUTE
    ..\\..\\bsp\\bsp_led.c                   0x00000000   Number         0  bsp_led.o ABSOLUTE
    ..\\..\\bsp\\bsp_motor.c                 0x00000000   Number         0  bsp_motor.o ABSOLUTE
    ..\\..\\bsp\\bsp_timer.c                 0x00000000   Number         0  bsp_timer.o ABSOLUTE
    ..\\..\\bsp\\uart\\bsp_uart.c            0x00000000   Number         0  bsp_uart.o ABSOLUTE
    ..\\..\\libraries\\CMSIS\\Device\\ST\\STM32F4xx\\Source\\Templates\\system_stm32f4xx.c 0x00000000   Number         0  system_stm32f4xx.o ABSOLUTE
    ..\\..\\libraries\\STM32F4xx_StdPeriph_Driver\\src\\misc.c 0x00000000   Number         0  misc.o ABSOLUTE
    ..\\..\\libraries\\STM32F4xx_StdPeriph_Driver\\src\\stm32f4xx_adc.c 0x00000000   Number         0  stm32f4xx_adc.o ABSOLUTE
    ..\\..\\libraries\\STM32F4xx_StdPeriph_Driver\\src\\stm32f4xx_can.c 0x00000000   Number         0  stm32f4xx_can.o ABSOLUTE
    ..\\..\\libraries\\STM32F4xx_StdPeriph_Driver\\src\\stm32f4xx_cec.c 0x00000000   Number         0  stm32f4xx_cec.o ABSOLUTE
    ..\\..\\libraries\\STM32F4xx_StdPeriph_Driver\\src\\stm32f4xx_crc.c 0x00000000   Number         0  stm32f4xx_crc.o ABSOLUTE
    ..\\..\\libraries\\STM32F4xx_StdPeriph_Driver\\src\\stm32f4xx_cryp.c 0x00000000   Number         0  stm32f4xx_cryp.o ABSOLUTE
    ..\\..\\libraries\\STM32F4xx_StdPeriph_Driver\\src\\stm32f4xx_cryp_aes.c 0x00000000   Number         0  stm32f4xx_cryp_aes.o ABSOLUTE
    ..\\..\\libraries\\STM32F4xx_StdPeriph_Driver\\src\\stm32f4xx_cryp_des.c 0x00000000   Number         0  stm32f4xx_cryp_des.o ABSOLUTE
    ..\\..\\libraries\\STM32F4xx_StdPeriph_Driver\\src\\stm32f4xx_cryp_tdes.c 0x00000000   Number         0  stm32f4xx_cryp_tdes.o ABSOLUTE
    ..\\..\\libraries\\STM32F4xx_StdPeriph_Driver\\src\\stm32f4xx_dac.c 0x00000000   Number         0  stm32f4xx_dac.o ABSOLUTE
    ..\\..\\libraries\\STM32F4xx_StdPeriph_Driver\\src\\stm32f4xx_dbgmcu.c 0x00000000   Number         0  stm32f4xx_dbgmcu.o ABSOLUTE
    ..\\..\\libraries\\STM32F4xx_StdPeriph_Driver\\src\\stm32f4xx_dcmi.c 0x00000000   Number         0  stm32f4xx_dcmi.o ABSOLUTE
    ..\\..\\libraries\\STM32F4xx_StdPeriph_Driver\\src\\stm32f4xx_dfsdm.c 0x00000000   Number         0  stm32f4xx_dfsdm.o ABSOLUTE
    ..\\..\\libraries\\STM32F4xx_StdPeriph_Driver\\src\\stm32f4xx_dma.c 0x00000000   Number         0  stm32f4xx_dma.o ABSOLUTE
    ..\\..\\libraries\\STM32F4xx_StdPeriph_Driver\\src\\stm32f4xx_dma2d.c 0x00000000   Number         0  stm32f4xx_dma2d.o ABSOLUTE
    ..\\..\\libraries\\STM32F4xx_StdPeriph_Driver\\src\\stm32f4xx_dsi.c 0x00000000   Number         0  stm32f4xx_dsi.o ABSOLUTE
    ..\\..\\libraries\\STM32F4xx_StdPeriph_Driver\\src\\stm32f4xx_exti.c 0x00000000   Number         0  stm32f4xx_exti.o ABSOLUTE
    ..\\..\\libraries\\STM32F4xx_StdPeriph_Driver\\src\\stm32f4xx_flash.c 0x00000000   Number         0  stm32f4xx_flash.o ABSOLUTE
    ..\\..\\libraries\\STM32F4xx_StdPeriph_Driver\\src\\stm32f4xx_flash_ramfunc.c 0x00000000   Number         0  stm32f4xx_flash_ramfunc.o ABSOLUTE
    ..\\..\\libraries\\STM32F4xx_StdPeriph_Driver\\src\\stm32f4xx_fmpi2c.c 0x00000000   Number         0  stm32f4xx_fmpi2c.o ABSOLUTE
    ..\\..\\libraries\\STM32F4xx_StdPeriph_Driver\\src\\stm32f4xx_fsmc.c 0x00000000   Number         0  stm32f4xx_fsmc.o ABSOLUTE
    ..\\..\\libraries\\STM32F4xx_StdPeriph_Driver\\src\\stm32f4xx_gpio.c 0x00000000   Number         0  stm32f4xx_gpio.o ABSOLUTE
    ..\\..\\libraries\\STM32F4xx_StdPeriph_Driver\\src\\stm32f4xx_hash.c 0x00000000   Number         0  stm32f4xx_hash.o ABSOLUTE
    ..\\..\\libraries\\STM32F4xx_StdPeriph_Driver\\src\\stm32f4xx_hash_md5.c 0x00000000   Number         0  stm32f4xx_hash_md5.o ABSOLUTE
    ..\\..\\libraries\\STM32F4xx_StdPeriph_Driver\\src\\stm32f4xx_hash_sha1.c 0x00000000   Number         0  stm32f4xx_hash_sha1.o ABSOLUTE
    ..\\..\\libraries\\STM32F4xx_StdPeriph_Driver\\src\\stm32f4xx_i2c.c 0x00000000   Number         0  stm32f4xx_i2c.o ABSOLUTE
    ..\\..\\libraries\\STM32F4xx_StdPeriph_Driver\\src\\stm32f4xx_iwdg.c 0x00000000   Number         0  stm32f4xx_iwdg.o ABSOLUTE
    ..\\..\\libraries\\STM32F4xx_StdPeriph_Driver\\src\\stm32f4xx_lptim.c 0x00000000   Number         0  stm32f4xx_lptim.o ABSOLUTE
    ..\\..\\libraries\\STM32F4xx_StdPeriph_Driver\\src\\stm32f4xx_ltdc.c 0x00000000   Number         0  stm32f4xx_ltdc.o ABSOLUTE
    ..\\..\\libraries\\STM32F4xx_StdPeriph_Driver\\src\\stm32f4xx_pwr.c 0x00000000   Number         0  stm32f4xx_pwr.o ABSOLUTE
    ..\\..\\libraries\\STM32F4xx_StdPeriph_Driver\\src\\stm32f4xx_qspi.c 0x00000000   Number         0  stm32f4xx_qspi.o ABSOLUTE
    ..\\..\\libraries\\STM32F4xx_StdPeriph_Driver\\src\\stm32f4xx_rcc.c 0x00000000   Number         0  stm32f4xx_rcc.o ABSOLUTE
    ..\\..\\libraries\\STM32F4xx_StdPeriph_Driver\\src\\stm32f4xx_rng.c 0x00000000   Number         0  stm32f4xx_rng.o ABSOLUTE
    ..\\..\\libraries\\STM32F4xx_StdPeriph_Driver\\src\\stm32f4xx_rtc.c 0x00000000   Number         0  stm32f4xx_rtc.o ABSOLUTE
    ..\\..\\libraries\\STM32F4xx_StdPeriph_Driver\\src\\stm32f4xx_sai.c 0x00000000   Number         0  stm32f4xx_sai.o ABSOLUTE
    ..\\..\\libraries\\STM32F4xx_StdPeriph_Driver\\src\\stm32f4xx_sdio.c 0x00000000   Number         0  stm32f4xx_sdio.o ABSOLUTE
    ..\\..\\libraries\\STM32F4xx_StdPeriph_Driver\\src\\stm32f4xx_spdifrx.c 0x00000000   Number         0  stm32f4xx_spdifrx.o ABSOLUTE
    ..\\..\\libraries\\STM32F4xx_StdPeriph_Driver\\src\\stm32f4xx_spi.c 0x00000000   Number         0  stm32f4xx_spi.o ABSOLUTE
    ..\\..\\libraries\\STM32F4xx_StdPeriph_Driver\\src\\stm32f4xx_syscfg.c 0x00000000   Number         0  stm32f4xx_syscfg.o ABSOLUTE
    ..\\..\\libraries\\STM32F4xx_StdPeriph_Driver\\src\\stm32f4xx_tim.c 0x00000000   Number         0  stm32f4xx_tim.o ABSOLUTE
    ..\\..\\libraries\\STM32F4xx_StdPeriph_Driver\\src\\stm32f4xx_usart.c 0x00000000   Number         0  stm32f4xx_usart.o ABSOLUTE
    ..\\..\\libraries\\STM32F4xx_StdPeriph_Driver\\src\\stm32f4xx_wwdg.c 0x00000000   Number         0  stm32f4xx_wwdg.o ABSOLUTE
    ..\\..\\module\\stm32f4xx_it.c           0x00000000   Number         0  stm32f4xx_it.o ABSOLUTE
    cdcmple.s                                0x00000000   Number         0  cdcmple.o ABSOLUTE
    cdrcmple.s                               0x00000000   Number         0  cdrcmple.o ABSOLUTE
    dc.s                                     0x00000000   Number         0  dc.o ABSOLUTE
    handlers.s                               0x00000000   Number         0  handlers.o ABSOLUTE
    init.s                                   0x00000000   Number         0  init.o ABSOLUTE
    RESET                                    0x08000000   Section      392  startup_stm32f40xx.o(RESET)
    .ARM.Collect$$$$00000000                 0x08000188   Section        0  entry.o(.ARM.Collect$$$$00000000)
    .ARM.Collect$$$$00000001                 0x08000188   Section        4  entry2.o(.ARM.Collect$$$$00000001)
    .ARM.Collect$$$$00000004                 0x0800018c   Section        4  entry5.o(.ARM.Collect$$$$00000004)
    .ARM.Collect$$$$00000008                 0x08000190   Section        0  entry7b.o(.ARM.Collect$$$$00000008)
    .ARM.Collect$$$$0000000A                 0x08000190   Section        0  entry8b.o(.ARM.Collect$$$$0000000A)
    .ARM.Collect$$$$0000000B                 0x08000190   Section        8  entry9a.o(.ARM.Collect$$$$0000000B)
    .ARM.Collect$$$$0000000D                 0x08000198   Section        0  entry10a.o(.ARM.Collect$$$$0000000D)
    .ARM.Collect$$$$0000000F                 0x08000198   Section        0  entry11a.o(.ARM.Collect$$$$0000000F)
    .ARM.Collect$$$$00002712                 0x08000198   Section        4  entry2.o(.ARM.Collect$$$$00002712)
    __lit__00000000                          0x08000198   Data           4  entry2.o(.ARM.Collect$$$$00002712)
    .text                                    0x0800019c   Section       36  startup_stm32f40xx.o(.text)
    $v0                                      0x0800019c   Number         0  startup_stm32f40xx.o(.text)
    .text                                    0x080001c0   Section        0  f2d.o(.text)
    .text                                    0x080001e8   Section       48  cdcmple.o(.text)
    .text                                    0x08000218   Section       48  cdrcmple.o(.text)
    .text                                    0x08000248   Section        0  uidiv.o(.text)
    .text                                    0x08000274   Section        0  uldiv.o(.text)
    .text                                    0x080002d6   Section        0  iusefp.o(.text)
    .text                                    0x080002d6   Section        0  dadd.o(.text)
    .text                                    0x08000424   Section        0  dmul.o(.text)
    .text                                    0x08000508   Section        0  ddiv.o(.text)
    .text                                    0x080005e6   Section        0  dfixul.o(.text)
    .text                                    0x08000618   Section       36  init.o(.text)
    .text                                    0x0800063c   Section        0  llshl.o(.text)
    .text                                    0x0800065a   Section        0  llushr.o(.text)
    .text                                    0x0800067a   Section        0  llsshr.o(.text)
    .text                                    0x0800069e   Section        0  depilogue.o(.text)
    .text                                    0x08000758   Section        0  __dczerorl2.o(.text)
    i.AIN_GPIO_INIT                          0x080007b0   Section        0  bsp_motor.o(i.AIN_GPIO_INIT)
    i.AO_Control                             0x080007e4   Section        0  bsp_motor.o(i.AO_Control)
    i.App_Motor_Init                         0x0800082c   Section        0  app_motor.o(i.App_Motor_Init)
    i.App_Task_Init                          0x0800083c   Section        0  app_task.o(i.App_Task_Init)
    i.App_Task_Run                           0x08000848   Section        0  app_task.o(i.App_Task_Run)
    i.App_Vision_Init                        0x080008a4   Section        0  app_vision.o(i.App_Vision_Init)
    i.BIN_GPIO_INIT                          0x080008c0   Section        0  bsp_motor.o(i.BIN_GPIO_INIT)
    i.BO_Control                             0x080008f4   Section        0  bsp_motor.o(i.BO_Control)
    i.BusFault_Handler                       0x0800093c   Section        0  stm32f4xx_it.o(i.BusFault_Handler)
    i.DebugMon_Handler                       0x08000940   Section        0  stm32f4xx_it.o(i.DebugMon_Handler)
    i.Encoder_Get_Speed_Left                 0x08000942   Section        0  bsp_encoder.o(i.Encoder_Get_Speed_Left)
    i.Encoder_Get_Speed_Right                0x0800095c   Section        0  bsp_encoder.o(i.Encoder_Get_Speed_Right)
    i.Encoder_Init_All                       0x08000978   Section        0  bsp_encoder.o(i.Encoder_Init_All)
    i.GPIO_Init                              0x08000a28   Section        0  stm32f4xx_gpio.o(i.GPIO_Init)
    i.GPIO_PinAFConfig                       0x08000ab8   Section        0  stm32f4xx_gpio.o(i.GPIO_PinAFConfig)
    i.GPIO_ResetBits                         0x08000afe   Section        0  stm32f4xx_gpio.o(i.GPIO_ResetBits)
    i.GPIO_SetBits                           0x08000b04   Section        0  stm32f4xx_gpio.o(i.GPIO_SetBits)
    i.GPIO_StructInit                        0x08000b08   Section        0  stm32f4xx_gpio.o(i.GPIO_StructInit)
    i.GPIO_WriteBit                          0x08000b1a   Section        0  stm32f4xx_gpio.o(i.GPIO_WriteBit)
    i.HardFault_Handler                      0x08000b26   Section        0  stm32f4xx_it.o(i.HardFault_Handler)
    i.LED_Init                               0x08000b2c   Section        0  bsp_led.o(i.LED_Init)
    i.MemManage_Handler                      0x08000b68   Section        0  stm32f4xx_it.o(i.MemManage_Handler)
    i.Motor_Get_LostLine_Target_Yaw          0x08000b6c   Section        0  app_motor.o(i.Motor_Get_LostLine_Target_Yaw)
    i.Motor_Position_Control_Loop            0x08000b90   Section        0  app_motor.o(i.Motor_Position_Control_Loop)
    i.Motor_Speed_Control_PID                0x08000bfc   Section        0  app_motor.o(i.Motor_Speed_Control_PID)
    i.Motor_Yaw_Control_Loop                 0x08000db4   Section        0  app_motor.o(i.Motor_Yaw_Control_Loop)
    i.NMI_Handler                            0x08000e98   Section        0  stm32f4xx_it.o(i.NMI_Handler)
    i.NVIC_Init                              0x08000e9c   Section        0  misc.o(i.NVIC_Init)
    i.NVIC_PriorityGroupConfig               0x08000f14   Section        0  misc.o(i.NVIC_PriorityGroupConfig)
    i.PID_Position_Compute                   0x08000f28   Section        0  app_motor.o(i.PID_Position_Compute)
    i.PendSV_Handler                         0x08001058   Section        0  stm32f4xx_it.o(i.PendSV_Handler)
    i.RCC_AHB1PeriphClockCmd                 0x0800105c   Section        0  stm32f4xx_rcc.o(i.RCC_AHB1PeriphClockCmd)
    i.RCC_APB1PeriphClockCmd                 0x0800107c   Section        0  stm32f4xx_rcc.o(i.RCC_APB1PeriphClockCmd)
    i.RCC_APB1PeriphResetCmd                 0x0800109c   Section        0  stm32f4xx_rcc.o(i.RCC_APB1PeriphResetCmd)
    i.RCC_APB2PeriphClockCmd                 0x080010bc   Section        0  stm32f4xx_rcc.o(i.RCC_APB2PeriphClockCmd)
    i.RCC_APB2PeriphResetCmd                 0x080010dc   Section        0  stm32f4xx_rcc.o(i.RCC_APB2PeriphResetCmd)
    i.RCC_GetClocksFreq                      0x080010fc   Section        0  stm32f4xx_rcc.o(i.RCC_GetClocksFreq)
    i.Run_Task_1                             0x080011e4   Section        0  app_task.o(i.Run_Task_1)
    Run_Task_1                               0x080011e5   Thumb Code   158  app_task.o(i.Run_Task_1)
    i.Run_Task_2                             0x080012a8   Section        0  app_task.o(i.Run_Task_2)
    Run_Task_2                               0x080012a9   Thumb Code   780  app_task.o(i.Run_Task_2)
    i.Run_Task_3                             0x08001608   Section        0  app_task.o(i.Run_Task_3)
    Run_Task_3                               0x08001609   Thumb Code  1862  app_task.o(i.Run_Task_3)
    i.Run_Task_4                             0x08001d94   Section        0  app_task.o(i.Run_Task_4)
    Run_Task_4                               0x08001d95   Thumb Code  1934  app_task.o(i.Run_Task_4)
    i.SVC_Handler                            0x0800256c   Section        0  stm32f4xx_it.o(i.SVC_Handler)
    i.SetSysClock                            0x08002570   Section        0  system_stm32f4xx.o(i.SetSysClock)
    SetSysClock                              0x08002571   Thumb Code   220  system_stm32f4xx.o(i.SetSysClock)
    i.SysTick_CLKSourceConfig                0x0800265c   Section        0  misc.o(i.SysTick_CLKSourceConfig)
    i.SysTick_Handler                        0x08002684   Section        0  stm32f4xx_it.o(i.SysTick_Handler)
    i.SystemInit                             0x08002694   Section        0  system_stm32f4xx.o(i.SystemInit)
    i.TB6612_Init                            0x080026fc   Section        0  bsp_motor.o(i.TB6612_Init)
    i.TIM1_UP_TIM10_IRQHandler               0x080027c4   Section        0  bsp_timer.o(i.TIM1_UP_TIM10_IRQHandler)
    i.TIM_ClearFlag                          0x080027e4   Section        0  stm32f4xx_tim.o(i.TIM_ClearFlag)
    i.TIM_ClearITPendingBit                  0x080027ea   Section        0  stm32f4xx_tim.o(i.TIM_ClearITPendingBit)
    i.TIM_Cmd                                0x080027f0   Section        0  stm32f4xx_tim.o(i.TIM_Cmd)
    i.TIM_EncoderInterfaceConfig             0x08002808   Section        0  stm32f4xx_tim.o(i.TIM_EncoderInterfaceConfig)
    i.TIM_GetCounter                         0x0800284a   Section        0  stm32f4xx_tim.o(i.TIM_GetCounter)
    i.TIM_GetITStatus                        0x08002850   Section        0  stm32f4xx_tim.o(i.TIM_GetITStatus)
    i.TIM_ITConfig                           0x08002872   Section        0  stm32f4xx_tim.o(i.TIM_ITConfig)
    i.TIM_OC1Init                            0x08002884   Section        0  stm32f4xx_tim.o(i.TIM_OC1Init)
    i.TIM_OC1PreloadConfig                   0x08002900   Section        0  stm32f4xx_tim.o(i.TIM_OC1PreloadConfig)
    i.TIM_OC2Init                            0x08002914   Section        0  stm32f4xx_tim.o(i.TIM_OC2Init)
    i.TIM_OC2PreloadConfig                   0x080029b8   Section        0  stm32f4xx_tim.o(i.TIM_OC2PreloadConfig)
    i.TIM_SetCompare1                        0x080029d2   Section        0  stm32f4xx_tim.o(i.TIM_SetCompare1)
    i.TIM_SetCompare2                        0x080029d6   Section        0  stm32f4xx_tim.o(i.TIM_SetCompare2)
    i.TIM_SetCounter                         0x080029da   Section        0  stm32f4xx_tim.o(i.TIM_SetCounter)
    i.TIM_TimeBaseInit                       0x080029e0   Section        0  stm32f4xx_tim.o(i.TIM_TimeBaseInit)
    i.Task_Diag_Speed_Profile                0x08002a64   Section        0  app_task.o(i.Task_Diag_Speed_Profile)
    Task_Diag_Speed_Profile                  0x08002a65   Thumb Code   154  app_task.o(i.Task_Diag_Speed_Profile)
    i.Task_Get_Yaw_Error                     0x08002b0c   Section        0  app_task.o(i.Task_Get_Yaw_Error)
    Task_Get_Yaw_Error                       0x08002b0d   Thumb Code    70  app_task.o(i.Task_Get_Yaw_Error)
    i.Task_Ramp_Yaw_Target                   0x08002b60   Section        0  app_task.o(i.Task_Ramp_Yaw_Target)
    Task_Ramp_Yaw_Target                     0x08002b61   Thumb Code   148  app_task.o(i.Task_Ramp_Yaw_Target)
    i.Timer_PID_Init                         0x08002c00   Section        0  bsp_timer.o(i.Timer_PID_Init)
    i.USART1_IRQHandler                      0x08002c70   Section        0  bsp_uart.o(i.USART1_IRQHandler)
    i.USART2_IRQHandler                      0x08002c90   Section        0  bsp_uart.o(i.USART2_IRQHandler)
    i.USART3_IRQHandler                      0x08002e30   Section        0  bsp_uart.o(i.USART3_IRQHandler)
    i.USART_ClearFlag                        0x08002ebc   Section        0  stm32f4xx_usart.o(i.USART_ClearFlag)
    i.USART_ClearITPendingBit                0x08002ece   Section        0  stm32f4xx_usart.o(i.USART_ClearITPendingBit)
    i.USART_Cmd                              0x08002eec   Section        0  stm32f4xx_usart.o(i.USART_Cmd)
    i.USART_DeInit                           0x08002f04   Section        0  stm32f4xx_usart.o(i.USART_DeInit)
    i.USART_GetFlagStatus                    0x08002ff4   Section        0  stm32f4xx_usart.o(i.USART_GetFlagStatus)
    i.USART_GetITStatus                      0x0800300e   Section        0  stm32f4xx_usart.o(i.USART_GetITStatus)
    i.USART_ITConfig                         0x08003062   Section        0  stm32f4xx_usart.o(i.USART_ITConfig)
    i.USART_Init                             0x080030ac   Section        0  stm32f4xx_usart.o(i.USART_Init)
    i.USART_ReceiveData                      0x08003180   Section        0  stm32f4xx_usart.o(i.USART_ReceiveData)
    i.USART_SendData                         0x0800318a   Section        0  stm32f4xx_usart.o(i.USART_SendData)
    i.USART_StructInit                       0x08003192   Section        0  stm32f4xx_usart.o(i.USART_StructInit)
    i.UsageFault_Handler                     0x080031aa   Section        0  stm32f4xx_it.o(i.UsageFault_Handler)
    i.Vision_Check_Timeout                   0x080031b0   Section        0  app_vision.o(i.Vision_Check_Timeout)
    i.Vision_Control_Loop                    0x080031d0   Section        0  app_vision.o(i.Vision_Control_Loop)
    i.Vision_Data_Parse                      0x08003258   Section        0  app_vision.o(i.Vision_Data_Parse)
    i.__0printf                              0x080032a4   Section        0  printfa.o(i.__0printf)
    i.__ARM_fpclassifyf                      0x080032c4   Section        0  fpclassifyf.o(i.__ARM_fpclassifyf)
    i.__hardfp_atan2f                        0x080032ec   Section        0  atan2f.o(i.__hardfp_atan2f)
    i.__hardfp_cosf                          0x0800353c   Section        0  cosf.o(i.__hardfp_cosf)
    i.__hardfp_fabs                          0x0800368c   Section        0  fabs.o(i.__hardfp_fabs)
    i.__hardfp_sinf                          0x080036a0   Section        0  sinf.o(i.__hardfp_sinf)
    i.__mathlib_flt_infnan                   0x08003830   Section        0  funder.o(i.__mathlib_flt_infnan)
    i.__mathlib_flt_infnan2                  0x08003836   Section        0  funder.o(i.__mathlib_flt_infnan2)
    i.__mathlib_flt_invalid                  0x0800383c   Section        0  funder.o(i.__mathlib_flt_invalid)
    i.__mathlib_flt_underflow                0x0800384c   Section        0  funder.o(i.__mathlib_flt_underflow)
    i.__mathlib_rredf2                       0x0800385c   Section        0  rredf.o(i.__mathlib_rredf2)
    i.__scatterload_copy                     0x080039b0   Section       14  handlers.o(i.__scatterload_copy)
    i.__scatterload_null                     0x080039be   Section        2  handlers.o(i.__scatterload_null)
    i.__scatterload_zeroinit                 0x080039c0   Section       14  handlers.o(i.__scatterload_zeroinit)
    i.__set_errno                            0x080039d0   Section        0  errno.o(i.__set_errno)
    i._fp_digits                             0x080039dc   Section        0  printfa.o(i._fp_digits)
    _fp_digits                               0x080039dd   Thumb Code   366  printfa.o(i._fp_digits)
    i._printf_core                           0x08003b60   Section        0  printfa.o(i._printf_core)
    _printf_core                             0x08003b61   Thumb Code  1744  printfa.o(i._printf_core)
    i._printf_post_padding                   0x0800423c   Section        0  printfa.o(i._printf_post_padding)
    _printf_post_padding                     0x0800423d   Thumb Code    36  printfa.o(i._printf_post_padding)
    i._printf_pre_padding                    0x08004260   Section        0  printfa.o(i._printf_pre_padding)
    _printf_pre_padding                      0x08004261   Thumb Code    46  printfa.o(i._printf_pre_padding)
    i.board_init                             0x08004290   Section        0  board.o(i.board_init)
    i.delay_ms                               0x08004308   Section        0  board.o(i.delay_ms)
    i.delay_us                               0x0800431c   Section        0  board.o(i.delay_us)
    i.fputc                                  0x08004370   Section        0  bsp_uart.o(i.fputc)
    i.get_tick                               0x08004394   Section        0  board.o(i.get_tick)
    i.main                                   0x080043a0   Section        0  main.o(i.main)
    i.uart1_init                             0x080044e4   Section        0  bsp_uart.o(i.uart1_init)
    i.uart2_init                             0x080045d8   Section        0  bsp_uart.o(i.uart2_init)
    i.uart3_init                             0x08004680   Section        0  bsp_uart.o(i.uart3_init)
    .constdata                               0x08004724   Section       32  rredf.o(.constdata)
    twooverpi                                0x08004724   Data          32  rredf.o(.constdata)
    .data                                    0x20000000   Section       20  system_stm32f4xx.o(.data)
    .data                                    0x20000014   Section       12  main.o(.data)
    last_uart_time                           0x20000018   Data           4  main.o(.data)
    last_stage_time                          0x2000001c   Data           4  main.o(.data)
    .data                                    0x20000020   Section      162  app_motor.o(.data)
    loop_div_20ms                            0x200000c0   Data           1  app_motor.o(.data)
    lost_line_mode                           0x200000c1   Data           1  app_motor.o(.data)
    .data                                    0x200000c4   Section       28  app_vision.o(.data)
    .data                                    0x200000e0   Section      109  app_task.o(.data)
    step                                     0x200000e1   Data           1  app_task.o(.data)
    led_timer                                0x200000e4   Data           4  app_task.o(.data)
    step                                     0x200000e8   Data           1  app_task.o(.data)
    led_timer                                0x200000ec   Data           4  app_task.o(.data)
    stable_timer                             0x200000f0   Data           4  app_task.o(.data)
    step                                     0x200000f4   Data           1  app_task.o(.data)
    led_timer                                0x200000f8   Data           4  app_task.o(.data)
    stable_timer                             0x200000fc   Data           4  app_task.o(.data)
    start_phase_ac                           0x20000100   Data           1  app_task.o(.data)
    ramp_yaw_ac                              0x20000104   Data           4  app_task.o(.data)
    ramp_init_ac                             0x20000108   Data           1  app_task.o(.data)
    ramp_yaw_c                               0x2000010c   Data           4  app_task.o(.data)
    ramp_init_c                              0x20000110   Data           1  app_task.o(.data)
    start_phase_bd                           0x20000111   Data           1  app_task.o(.data)
    ramp_yaw_bd                              0x20000114   Data           4  app_task.o(.data)
    ramp_init_bd                             0x20000118   Data           1  app_task.o(.data)
    ramp_yaw_d                               0x2000011c   Data           4  app_task.o(.data)
    ramp_init_d                              0x20000120   Data           1  app_task.o(.data)
    step                                     0x20000121   Data           1  app_task.o(.data)
    lap_count                                0x20000122   Data           1  app_task.o(.data)
    led_timer                                0x20000124   Data           4  app_task.o(.data)
    stable_timer                             0x20000128   Data           4  app_task.o(.data)
    start_phase_ac                           0x2000012c   Data           1  app_task.o(.data)
    ramp_yaw_ac                              0x20000130   Data           4  app_task.o(.data)
    ramp_init_ac                             0x20000134   Data           1  app_task.o(.data)
    ramp_yaw_c                               0x20000138   Data           4  app_task.o(.data)
    ramp_init_c                              0x2000013c   Data           1  app_task.o(.data)
    start_phase_bd                           0x2000013d   Data           1  app_task.o(.data)
    ramp_yaw_bd                              0x20000140   Data           4  app_task.o(.data)
    ramp_init_bd                             0x20000144   Data           1  app_task.o(.data)
    ramp_yaw_d                               0x20000148   Data           4  app_task.o(.data)
    ramp_init_d                              0x2000014c   Data           1  app_task.o(.data)
    .data                                    0x20000150   Section       21  bsp_uart.o(.data)
    rx_cnt                                   0x20000158   Data           1  bsp_uart.o(.data)
    is_base_captured                         0x20000159   Data           1  bsp_uart.o(.data)
    base_yaw_rad                             0x2000015c   Data           4  bsp_uart.o(.data)
    rx_buf                                   0x20000160   Data           4  bsp_uart.o(.data)
    rx_cnt                                   0x20000164   Data           1  bsp_uart.o(.data)
    .data                                    0x20000168   Section        4  board.o(.data)
    .data                                    0x2000016c   Section       16  stm32f4xx_rcc.o(.data)
    APBAHBPrescTable                         0x2000016c   Data          16  stm32f4xx_rcc.o(.data)
    .data                                    0x2000017c   Section        4  stdout.o(.data)
    .data                                    0x20000180   Section        4  errno.o(.data)
    _errno                                   0x20000180   Data           4  errno.o(.data)
    .bss                                     0x20000184   Section       12  app_vision.o(.bss)
    .bss                                     0x20000190   Section       75  bsp_uart.o(.bss)
    rx_buf                                   0x200001d0   Data          11  bsp_uart.o(.bss)
    STACK                                    0x200001e0   Section     1024  startup_stm32f40xx.o(STACK)

    Global Symbols

    Symbol Name                              Value     Ov Type        Size  Object(Section)

    BuildAttributes$$THM_ISAv4$E$P$D$K$B$S$7EM$VFPi3$EXTD16$VFPS$VFMA$PE$A:L22UL41UL21$X:L11$S22US41US21$IEEE1$IW$USESV6$~STKCKD$USESV7$~SHL$OTIME$ROPI$IEEEX$EBA8$MICROLIB$REQ8$PRES8$EABIv2 0x00000000   Number         0  anon$$obj.o ABSOLUTE
    __ARM_use_no_argv                        0x00000000   Number         0  main.o ABSOLUTE
    _printf_a                                0x00000000   Number         0  stubs.o ABSOLUTE
    _printf_c                                0x00000000   Number         0  stubs.o ABSOLUTE
    _printf_charcount                        0x00000000   Number         0  stubs.o ABSOLUTE
    _printf_d                                0x00000000   Number         0  stubs.o ABSOLUTE
    _printf_e                                0x00000000   Number         0  stubs.o ABSOLUTE
    _printf_f                                0x00000000   Number         0  stubs.o ABSOLUTE
    _printf_flags                            0x00000000   Number         0  stubs.o ABSOLUTE
    _printf_fp_dec                           0x00000000   Number         0  stubs.o ABSOLUTE
    _printf_fp_hex                           0x00000000   Number         0  stubs.o ABSOLUTE
    _printf_g                                0x00000000   Number         0  stubs.o ABSOLUTE
    _printf_i                                0x00000000   Number         0  stubs.o ABSOLUTE
    _printf_int_dec                          0x00000000   Number         0  stubs.o ABSOLUTE
    _printf_l                                0x00000000   Number         0  stubs.o ABSOLUTE
    _printf_lc                               0x00000000   Number         0  stubs.o ABSOLUTE
    _printf_ll                               0x00000000   Number         0  stubs.o ABSOLUTE
    _printf_lld                              0x00000000   Number         0  stubs.o ABSOLUTE
    _printf_lli                              0x00000000   Number         0  stubs.o ABSOLUTE
    _printf_llo                              0x00000000   Number         0  stubs.o ABSOLUTE
    _printf_llu                              0x00000000   Number         0  stubs.o ABSOLUTE
    _printf_llx                              0x00000000   Number         0  stubs.o ABSOLUTE
    _printf_longlong_dec                     0x00000000   Number         0  stubs.o ABSOLUTE
    _printf_longlong_hex                     0x00000000   Number         0  stubs.o ABSOLUTE
    _printf_longlong_oct                     0x00000000   Number         0  stubs.o ABSOLUTE
    _printf_ls                               0x00000000   Number         0  stubs.o ABSOLUTE
    _printf_mbtowc                           0x00000000   Number         0  stubs.o ABSOLUTE
    _printf_n                                0x00000000   Number         0  stubs.o ABSOLUTE
    _printf_o                                0x00000000   Number         0  stubs.o ABSOLUTE
    _printf_p                                0x00000000   Number         0  stubs.o ABSOLUTE
    _printf_percent                          0x00000000   Number         0  stubs.o ABSOLUTE
    _printf_pre_padding                      0x00000000   Number         0  stubs.o ABSOLUTE
    _printf_return_value                     0x00000000   Number         0  stubs.o ABSOLUTE
    _printf_s                                0x00000000   Number         0  stubs.o ABSOLUTE
    _printf_sizespec                         0x00000000   Number         0  stubs.o ABSOLUTE
    _printf_str                              0x00000000   Number         0  stubs.o ABSOLUTE
    _printf_truncate_signed                  0x00000000   Number         0  stubs.o ABSOLUTE
    _printf_truncate_unsigned                0x00000000   Number         0  stubs.o ABSOLUTE
    _printf_u                                0x00000000   Number         0  stubs.o ABSOLUTE
    _printf_wc                               0x00000000   Number         0  stubs.o ABSOLUTE
    _printf_wctomb                           0x00000000   Number         0  stubs.o ABSOLUTE
    _printf_widthprec                        0x00000000   Number         0  stubs.o ABSOLUTE
    _printf_x                                0x00000000   Number         0  stubs.o ABSOLUTE
    __cpp_initialize__aeabi_                  - Undefined Weak Reference
    __cxa_finalize                            - Undefined Weak Reference
    _clock_init                               - Undefined Weak Reference
    _microlib_exit                            - Undefined Weak Reference
    __Vectors_Size                           0x00000188   Number         0  startup_stm32f40xx.o ABSOLUTE
    __Vectors                                0x08000000   Data           4  startup_stm32f40xx.o(RESET)
    __Vectors_End                            0x08000188   Data           0  startup_stm32f40xx.o(RESET)
    __main                                   0x08000189   Thumb Code     0  entry.o(.ARM.Collect$$$$00000000)
    _main_stk                                0x08000189   Thumb Code     0  entry2.o(.ARM.Collect$$$$00000001)
    _main_scatterload                        0x0800018d   Thumb Code     0  entry5.o(.ARM.Collect$$$$00000004)
    __main_after_scatterload                 0x08000191   Thumb Code     0  entry5.o(.ARM.Collect$$$$00000004)
    _main_clock                              0x08000191   Thumb Code     0  entry7b.o(.ARM.Collect$$$$00000008)
    _main_cpp_init                           0x08000191   Thumb Code     0  entry8b.o(.ARM.Collect$$$$0000000A)
    _main_init                               0x08000191   Thumb Code     0  entry9a.o(.ARM.Collect$$$$0000000B)
    __rt_final_cpp                           0x08000199   Thumb Code     0  entry10a.o(.ARM.Collect$$$$0000000D)
    __rt_final_exit                          0x08000199   Thumb Code     0  entry11a.o(.ARM.Collect$$$$0000000F)
    Reset_Handler                            0x0800019d   Thumb Code     8  startup_stm32f40xx.o(.text)
    ADC_IRQHandler                           0x080001b7   Thumb Code     0  startup_stm32f40xx.o(.text)
    CAN1_RX0_IRQHandler                      0x080001b7   Thumb Code     0  startup_stm32f40xx.o(.text)
    CAN1_RX1_IRQHandler                      0x080001b7   Thumb Code     0  startup_stm32f40xx.o(.text)
    CAN1_SCE_IRQHandler                      0x080001b7   Thumb Code     0  startup_stm32f40xx.o(.text)
    CAN1_TX_IRQHandler                       0x080001b7   Thumb Code     0  startup_stm32f40xx.o(.text)
    CAN2_RX0_IRQHandler                      0x080001b7   Thumb Code     0  startup_stm32f40xx.o(.text)
    CAN2_RX1_IRQHandler                      0x080001b7   Thumb Code     0  startup_stm32f40xx.o(.text)
    CAN2_SCE_IRQHandler                      0x080001b7   Thumb Code     0  startup_stm32f40xx.o(.text)
    CAN2_TX_IRQHandler                       0x080001b7   Thumb Code     0  startup_stm32f40xx.o(.text)
    CRYP_IRQHandler                          0x080001b7   Thumb Code     0  startup_stm32f40xx.o(.text)
    DCMI_IRQHandler                          0x080001b7   Thumb Code     0  startup_stm32f40xx.o(.text)
    DMA1_Stream0_IRQHandler                  0x080001b7   Thumb Code     0  startup_stm32f40xx.o(.text)
    DMA1_Stream1_IRQHandler                  0x080001b7   Thumb Code     0  startup_stm32f40xx.o(.text)
    DMA1_Stream2_IRQHandler                  0x080001b7   Thumb Code     0  startup_stm32f40xx.o(.text)
    DMA1_Stream3_IRQHandler                  0x080001b7   Thumb Code     0  startup_stm32f40xx.o(.text)
    DMA1_Stream4_IRQHandler                  0x080001b7   Thumb Code     0  startup_stm32f40xx.o(.text)
    DMA1_Stream5_IRQHandler                  0x080001b7   Thumb Code     0  startup_stm32f40xx.o(.text)
    DMA1_Stream6_IRQHandler                  0x080001b7   Thumb Code     0  startup_stm32f40xx.o(.text)
    DMA1_Stream7_IRQHandler                  0x080001b7   Thumb Code     0  startup_stm32f40xx.o(.text)
    DMA2_Stream0_IRQHandler                  0x080001b7   Thumb Code     0  startup_stm32f40xx.o(.text)
    DMA2_Stream1_IRQHandler                  0x080001b7   Thumb Code     0  startup_stm32f40xx.o(.text)
    DMA2_Stream2_IRQHandler                  0x080001b7   Thumb Code     0  startup_stm32f40xx.o(.text)
    DMA2_Stream3_IRQHandler                  0x080001b7   Thumb Code     0  startup_stm32f40xx.o(.text)
    DMA2_Stream4_IRQHandler                  0x080001b7   Thumb Code     0  startup_stm32f40xx.o(.text)
    DMA2_Stream5_IRQHandler                  0x080001b7   Thumb Code     0  startup_stm32f40xx.o(.text)
    DMA2_Stream6_IRQHandler                  0x080001b7   Thumb Code     0  startup_stm32f40xx.o(.text)
    DMA2_Stream7_IRQHandler                  0x080001b7   Thumb Code     0  startup_stm32f40xx.o(.text)
    ETH_IRQHandler                           0x080001b7   Thumb Code     0  startup_stm32f40xx.o(.text)
    ETH_WKUP_IRQHandler                      0x080001b7   Thumb Code     0  startup_stm32f40xx.o(.text)
    EXTI0_IRQHandler                         0x080001b7   Thumb Code     0  startup_stm32f40xx.o(.text)
    EXTI15_10_IRQHandler                     0x080001b7   Thumb Code     0  startup_stm32f40xx.o(.text)
    EXTI1_IRQHandler                         0x080001b7   Thumb Code     0  startup_stm32f40xx.o(.text)
    EXTI2_IRQHandler                         0x080001b7   Thumb Code     0  startup_stm32f40xx.o(.text)
    EXTI3_IRQHandler                         0x080001b7   Thumb Code     0  startup_stm32f40xx.o(.text)
    EXTI4_IRQHandler                         0x080001b7   Thumb Code     0  startup_stm32f40xx.o(.text)
    EXTI9_5_IRQHandler                       0x080001b7   Thumb Code     0  startup_stm32f40xx.o(.text)
    FLASH_IRQHandler                         0x080001b7   Thumb Code     0  startup_stm32f40xx.o(.text)
    FPU_IRQHandler                           0x080001b7   Thumb Code     0  startup_stm32f40xx.o(.text)
    FSMC_IRQHandler                          0x080001b7   Thumb Code     0  startup_stm32f40xx.o(.text)
    HASH_RNG_IRQHandler                      0x080001b7   Thumb Code     0  startup_stm32f40xx.o(.text)
    I2C1_ER_IRQHandler                       0x080001b7   Thumb Code     0  startup_stm32f40xx.o(.text)
    I2C1_EV_IRQHandler                       0x080001b7   Thumb Code     0  startup_stm32f40xx.o(.text)
    I2C2_ER_IRQHandler                       0x080001b7   Thumb Code     0  startup_stm32f40xx.o(.text)
    I2C2_EV_IRQHandler                       0x080001b7   Thumb Code     0  startup_stm32f40xx.o(.text)
    I2C3_ER_IRQHandler                       0x080001b7   Thumb Code     0  startup_stm32f40xx.o(.text)
    I2C3_EV_IRQHandler                       0x080001b7   Thumb Code     0  startup_stm32f40xx.o(.text)
    OTG_FS_IRQHandler                        0x080001b7   Thumb Code     0  startup_stm32f40xx.o(.text)
    OTG_FS_WKUP_IRQHandler                   0x080001b7   Thumb Code     0  startup_stm32f40xx.o(.text)
    OTG_HS_EP1_IN_IRQHandler                 0x080001b7   Thumb Code     0  startup_stm32f40xx.o(.text)
    OTG_HS_EP1_OUT_IRQHandler                0x080001b7   Thumb Code     0  startup_stm32f40xx.o(.text)
    OTG_HS_IRQHandler                        0x080001b7   Thumb Code     0  startup_stm32f40xx.o(.text)
    OTG_HS_WKUP_IRQHandler                   0x080001b7   Thumb Code     0  startup_stm32f40xx.o(.text)
    PVD_IRQHandler                           0x080001b7   Thumb Code     0  startup_stm32f40xx.o(.text)
    RCC_IRQHandler                           0x080001b7   Thumb Code     0  startup_stm32f40xx.o(.text)
    RTC_Alarm_IRQHandler                     0x080001b7   Thumb Code     0  startup_stm32f40xx.o(.text)
    RTC_WKUP_IRQHandler                      0x080001b7   Thumb Code     0  startup_stm32f40xx.o(.text)
    SDIO_IRQHandler                          0x080001b7   Thumb Code     0  startup_stm32f40xx.o(.text)
    SPI1_IRQHandler                          0x080001b7   Thumb Code     0  startup_stm32f40xx.o(.text)
    SPI2_IRQHandler                          0x080001b7   Thumb Code     0  startup_stm32f40xx.o(.text)
    SPI3_IRQHandler                          0x080001b7   Thumb Code     0  startup_stm32f40xx.o(.text)
    TAMP_STAMP_IRQHandler                    0x080001b7   Thumb Code     0  startup_stm32f40xx.o(.text)
    TIM1_BRK_TIM9_IRQHandler                 0x080001b7   Thumb Code     0  startup_stm32f40xx.o(.text)
    TIM1_CC_IRQHandler                       0x080001b7   Thumb Code     0  startup_stm32f40xx.o(.text)
    TIM1_TRG_COM_TIM11_IRQHandler            0x080001b7   Thumb Code     0  startup_stm32f40xx.o(.text)
    TIM2_IRQHandler                          0x080001b7   Thumb Code     0  startup_stm32f40xx.o(.text)
    TIM3_IRQHandler                          0x080001b7   Thumb Code     0  startup_stm32f40xx.o(.text)
    TIM4_IRQHandler                          0x080001b7   Thumb Code     0  startup_stm32f40xx.o(.text)
    TIM5_IRQHandler                          0x080001b7   Thumb Code     0  startup_stm32f40xx.o(.text)
    TIM6_DAC_IRQHandler                      0x080001b7   Thumb Code     0  startup_stm32f40xx.o(.text)
    TIM7_IRQHandler                          0x080001b7   Thumb Code     0  startup_stm32f40xx.o(.text)
    TIM8_BRK_TIM12_IRQHandler                0x080001b7   Thumb Code     0  startup_stm32f40xx.o(.text)
    TIM8_CC_IRQHandler                       0x080001b7   Thumb Code     0  startup_stm32f40xx.o(.text)
    TIM8_TRG_COM_TIM14_IRQHandler            0x080001b7   Thumb Code     0  startup_stm32f40xx.o(.text)
    TIM8_UP_TIM13_IRQHandler                 0x080001b7   Thumb Code     0  startup_stm32f40xx.o(.text)
    UART4_IRQHandler                         0x080001b7   Thumb Code     0  startup_stm32f40xx.o(.text)
    UART5_IRQHandler                         0x080001b7   Thumb Code     0  startup_stm32f40xx.o(.text)
    USART6_IRQHandler                        0x080001b7   Thumb Code     0  startup_stm32f40xx.o(.text)
    WWDG_IRQHandler                          0x080001b7   Thumb Code     0  startup_stm32f40xx.o(.text)
    __aeabi_f2d                              0x080001c1   Thumb Code    38  f2d.o(.text)
    __aeabi_cdcmpeq                          0x080001e9   Thumb Code     0  cdcmple.o(.text)
    __aeabi_cdcmple                          0x080001e9   Thumb Code    48  cdcmple.o(.text)
    __aeabi_cdrcmple                         0x08000219   Thumb Code    48  cdrcmple.o(.text)
    __aeabi_uidiv                            0x08000249   Thumb Code     0  uidiv.o(.text)
    __aeabi_uidivmod                         0x08000249   Thumb Code    44  uidiv.o(.text)
    __aeabi_uldivmod                         0x08000275   Thumb Code    98  uldiv.o(.text)
    __I$use$fp                               0x080002d7   Thumb Code     0  iusefp.o(.text)
    __aeabi_dadd                             0x080002d7   Thumb Code   322  dadd.o(.text)
    __aeabi_dsub                             0x08000419   Thumb Code     6  dadd.o(.text)
    __aeabi_drsub                            0x0800041f   Thumb Code     6  dadd.o(.text)
    __aeabi_dmul                             0x08000425   Thumb Code   228  dmul.o(.text)
    __aeabi_ddiv                             0x08000509   Thumb Code   222  ddiv.o(.text)
    __aeabi_d2ulz                            0x080005e7   Thumb Code    48  dfixul.o(.text)
    __scatterload                            0x08000619   Thumb Code    28  init.o(.text)
    __scatterload_rt2                        0x08000619   Thumb Code     0  init.o(.text)
    __aeabi_llsl                             0x0800063d   Thumb Code    30  llshl.o(.text)
    _ll_shift_l                              0x0800063d   Thumb Code     0  llshl.o(.text)
    __aeabi_llsr                             0x0800065b   Thumb Code    32  llushr.o(.text)
    _ll_ushift_r                             0x0800065b   Thumb Code     0  llushr.o(.text)
    __aeabi_lasr                             0x0800067b   Thumb Code    36  llsshr.o(.text)
    _ll_sshift_r                             0x0800067b   Thumb Code     0  llsshr.o(.text)
    _double_round                            0x0800069f   Thumb Code    30  depilogue.o(.text)
    _double_epilogue                         0x080006bd   Thumb Code   156  depilogue.o(.text)
    __decompress                             0x08000759   Thumb Code     0  __dczerorl2.o(.text)
    __decompress1                            0x08000759   Thumb Code    86  __dczerorl2.o(.text)
    AIN_GPIO_INIT                            0x080007b1   Thumb Code    48  bsp_motor.o(i.AIN_GPIO_INIT)
    AO_Control                               0x080007e5   Thumb Code    62  bsp_motor.o(i.AO_Control)
    App_Motor_Init                           0x0800082d   Thumb Code    14  app_motor.o(i.App_Motor_Init)
    App_Task_Init                            0x0800083d   Thumb Code     8  app_task.o(i.App_Task_Init)
    App_Task_Run                             0x08000849   Thumb Code    76  app_task.o(i.App_Task_Run)
    App_Vision_Init                          0x080008a5   Thumb Code    20  app_vision.o(i.App_Vision_Init)
    BIN_GPIO_INIT                            0x080008c1   Thumb Code    48  bsp_motor.o(i.BIN_GPIO_INIT)
    BO_Control                               0x080008f5   Thumb Code    62  bsp_motor.o(i.BO_Control)
    BusFault_Handler                         0x0800093d   Thumb Code     4  stm32f4xx_it.o(i.BusFault_Handler)
    DebugMon_Handler                         0x08000941   Thumb Code     2  stm32f4xx_it.o(i.DebugMon_Handler)
    Encoder_Get_Speed_Left                   0x08000943   Thumb Code    26  bsp_encoder.o(i.Encoder_Get_Speed_Left)
    Encoder_Get_Speed_Right                  0x0800095d   Thumb Code    24  bsp_encoder.o(i.Encoder_Get_Speed_Right)
    Encoder_Init_All                         0x08000979   Thumb Code   162  bsp_encoder.o(i.Encoder_Init_All)
    GPIO_Init                                0x08000a29   Thumb Code   144  stm32f4xx_gpio.o(i.GPIO_Init)
    GPIO_PinAFConfig                         0x08000ab9   Thumb Code    70  stm32f4xx_gpio.o(i.GPIO_PinAFConfig)
    GPIO_ResetBits                           0x08000aff   Thumb Code     6  stm32f4xx_gpio.o(i.GPIO_ResetBits)
    GPIO_SetBits                             0x08000b05   Thumb Code     4  stm32f4xx_gpio.o(i.GPIO_SetBits)
    GPIO_StructInit                          0x08000b09   Thumb Code    18  stm32f4xx_gpio.o(i.GPIO_StructInit)
    GPIO_WriteBit                            0x08000b1b   Thumb Code    12  stm32f4xx_gpio.o(i.GPIO_WriteBit)
    HardFault_Handler                        0x08000b27   Thumb Code     4  stm32f4xx_it.o(i.HardFault_Handler)
    LED_Init                                 0x08000b2d   Thumb Code    56  bsp_led.o(i.LED_Init)
    MemManage_Handler                        0x08000b69   Thumb Code     4  stm32f4xx_it.o(i.MemManage_Handler)
    Motor_Get_LostLine_Target_Yaw            0x08000b6d   Thumb Code    26  app_motor.o(i.Motor_Get_LostLine_Target_Yaw)
    Motor_Position_Control_Loop              0x08000b91   Thumb Code   104  app_motor.o(i.Motor_Position_Control_Loop)
    Motor_Speed_Control_PID                  0x08000bfd   Thumb Code   392  app_motor.o(i.Motor_Speed_Control_PID)
    Motor_Yaw_Control_Loop                   0x08000db5   Thumb Code   206  app_motor.o(i.Motor_Yaw_Control_Loop)
    NMI_Handler                              0x08000e99   Thumb Code     2  stm32f4xx_it.o(i.NMI_Handler)
    NVIC_Init                                0x08000e9d   Thumb Code   106  misc.o(i.NVIC_Init)
    NVIC_PriorityGroupConfig                 0x08000f15   Thumb Code    10  misc.o(i.NVIC_PriorityGroupConfig)
    PID_Position_Compute                     0x08000f29   Thumb Code   298  app_motor.o(i.PID_Position_Compute)
    PendSV_Handler                           0x08001059   Thumb Code     2  stm32f4xx_it.o(i.PendSV_Handler)
    RCC_AHB1PeriphClockCmd                   0x0800105d   Thumb Code    26  stm32f4xx_rcc.o(i.RCC_AHB1PeriphClockCmd)
    RCC_APB1PeriphClockCmd                   0x0800107d   Thumb Code    26  stm32f4xx_rcc.o(i.RCC_APB1PeriphClockCmd)
    RCC_APB1PeriphResetCmd                   0x0800109d   Thumb Code    26  stm32f4xx_rcc.o(i.RCC_APB1PeriphResetCmd)
    RCC_APB2PeriphClockCmd                   0x080010bd   Thumb Code    26  stm32f4xx_rcc.o(i.RCC_APB2PeriphClockCmd)
    RCC_APB2PeriphResetCmd                   0x080010dd   Thumb Code    26  stm32f4xx_rcc.o(i.RCC_APB2PeriphResetCmd)
    RCC_GetClocksFreq                        0x080010fd   Thumb Code   214  stm32f4xx_rcc.o(i.RCC_GetClocksFreq)
    SVC_Handler                              0x0800256d   Thumb Code     2  stm32f4xx_it.o(i.SVC_Handler)
    SysTick_CLKSourceConfig                  0x0800265d   Thumb Code    40  misc.o(i.SysTick_CLKSourceConfig)
    SysTick_Handler                          0x08002685   Thumb Code    12  stm32f4xx_it.o(i.SysTick_Handler)
    SystemInit                               0x08002695   Thumb Code    88  system_stm32f4xx.o(i.SystemInit)
    TB6612_Init                              0x080026fd   Thumb Code   192  bsp_motor.o(i.TB6612_Init)
    TIM1_UP_TIM10_IRQHandler                 0x080027c5   Thumb Code    28  bsp_timer.o(i.TIM1_UP_TIM10_IRQHandler)
    TIM_ClearFlag                            0x080027e5   Thumb Code     6  stm32f4xx_tim.o(i.TIM_ClearFlag)
    TIM_ClearITPendingBit                    0x080027eb   Thumb Code     6  stm32f4xx_tim.o(i.TIM_ClearITPendingBit)
    TIM_Cmd                                  0x080027f1   Thumb Code    24  stm32f4xx_tim.o(i.TIM_Cmd)
    TIM_EncoderInterfaceConfig               0x08002809   Thumb Code    66  stm32f4xx_tim.o(i.TIM_EncoderInterfaceConfig)
    TIM_GetCounter                           0x0800284b   Thumb Code     6  stm32f4xx_tim.o(i.TIM_GetCounter)
    TIM_GetITStatus                          0x08002851   Thumb Code    34  stm32f4xx_tim.o(i.TIM_GetITStatus)
    TIM_ITConfig                             0x08002873   Thumb Code    18  stm32f4xx_tim.o(i.TIM_ITConfig)
    TIM_OC1Init                              0x08002885   Thumb Code   114  stm32f4xx_tim.o(i.TIM_OC1Init)
    TIM_OC1PreloadConfig                     0x08002901   Thumb Code    18  stm32f4xx_tim.o(i.TIM_OC1PreloadConfig)
    TIM_OC2Init                              0x08002915   Thumb Code   154  stm32f4xx_tim.o(i.TIM_OC2Init)
    TIM_OC2PreloadConfig                     0x080029b9   Thumb Code    26  stm32f4xx_tim.o(i.TIM_OC2PreloadConfig)
    TIM_SetCompare1                          0x080029d3   Thumb Code     4  stm32f4xx_tim.o(i.TIM_SetCompare1)
    TIM_SetCompare2                          0x080029d7   Thumb Code     4  stm32f4xx_tim.o(i.TIM_SetCompare2)
    TIM_SetCounter                           0x080029db   Thumb Code     4  stm32f4xx_tim.o(i.TIM_SetCounter)
    TIM_TimeBaseInit                         0x080029e1   Thumb Code   104  stm32f4xx_tim.o(i.TIM_TimeBaseInit)
    Timer_PID_Init                           0x08002c01   Thumb Code   106  bsp_timer.o(i.Timer_PID_Init)
    USART1_IRQHandler                        0x08002c71   Thumb Code    28  bsp_uart.o(i.USART1_IRQHandler)
    USART2_IRQHandler                        0x08002c91   Thumb Code   380  bsp_uart.o(i.USART2_IRQHandler)
    USART3_IRQHandler                        0x08002e31   Thumb Code   128  bsp_uart.o(i.USART3_IRQHandler)
    USART_ClearFlag                          0x08002ebd   Thumb Code    18  stm32f4xx_usart.o(i.USART_ClearFlag)
    USART_ClearITPendingBit                  0x08002ecf   Thumb Code    30  stm32f4xx_usart.o(i.USART_ClearITPendingBit)
    USART_Cmd                                0x08002eed   Thumb Code    24  stm32f4xx_usart.o(i.USART_Cmd)
    USART_DeInit                             0x08002f05   Thumb Code   206  stm32f4xx_usart.o(i.USART_DeInit)
    USART_GetFlagStatus                      0x08002ff5   Thumb Code    26  stm32f4xx_usart.o(i.USART_GetFlagStatus)
    USART_GetITStatus                        0x0800300f   Thumb Code    84  stm32f4xx_usart.o(i.USART_GetITStatus)
    USART_ITConfig                           0x08003063   Thumb Code    74  stm32f4xx_usart.o(i.USART_ITConfig)
    USART_Init                               0x080030ad   Thumb Code   204  stm32f4xx_usart.o(i.USART_Init)
    USART_ReceiveData                        0x08003181   Thumb Code    10  stm32f4xx_usart.o(i.USART_ReceiveData)
    USART_SendData                           0x0800318b   Thumb Code     8  stm32f4xx_usart.o(i.USART_SendData)
    USART_StructInit                         0x08003193   Thumb Code    24  stm32f4xx_usart.o(i.USART_StructInit)
    UsageFault_Handler                       0x080031ab   Thumb Code     4  stm32f4xx_it.o(i.UsageFault_Handler)
    Vision_Check_Timeout                     0x080031b1   Thumb Code    28  app_vision.o(i.Vision_Check_Timeout)
    Vision_Control_Loop                      0x080031d1   Thumb Code   128  app_vision.o(i.Vision_Control_Loop)
    Vision_Data_Parse                        0x08003259   Thumb Code    72  app_vision.o(i.Vision_Data_Parse)
    __0printf                                0x080032a5   Thumb Code    22  printfa.o(i.__0printf)
    __1printf                                0x080032a5   Thumb Code     0  printfa.o(i.__0printf)
    __2printf                                0x080032a5   Thumb Code     0  printfa.o(i.__0printf)
    __c89printf                              0x080032a5   Thumb Code     0  printfa.o(i.__0printf)
    printf                                   0x080032a5   Thumb Code     0  printfa.o(i.__0printf)
    __ARM_fpclassifyf                        0x080032c5   Thumb Code    38  fpclassifyf.o(i.__ARM_fpclassifyf)
    __hardfp_atan2f                          0x080032ed   Thumb Code   502  atan2f.o(i.__hardfp_atan2f)
    __hardfp_cosf                            0x0800353d   Thumb Code   280  cosf.o(i.__hardfp_cosf)
    __hardfp_fabs                            0x0800368d   Thumb Code    20  fabs.o(i.__hardfp_fabs)
    __hardfp_sinf                            0x080036a1   Thumb Code   344  sinf.o(i.__hardfp_sinf)
    __mathlib_flt_infnan                     0x08003831   Thumb Code     6  funder.o(i.__mathlib_flt_infnan)
    __mathlib_flt_infnan2                    0x08003837   Thumb Code     6  funder.o(i.__mathlib_flt_infnan2)
    __mathlib_flt_invalid                    0x0800383d   Thumb Code    10  funder.o(i.__mathlib_flt_invalid)
    __mathlib_flt_underflow                  0x0800384d   Thumb Code    10  funder.o(i.__mathlib_flt_underflow)
    __mathlib_rredf2                         0x0800385d   Thumb Code   316  rredf.o(i.__mathlib_rredf2)
    __scatterload_copy                       0x080039b1   Thumb Code    14  handlers.o(i.__scatterload_copy)
    __scatterload_null                       0x080039bf   Thumb Code     2  handlers.o(i.__scatterload_null)
    __scatterload_zeroinit                   0x080039c1   Thumb Code    14  handlers.o(i.__scatterload_zeroinit)
    __set_errno                              0x080039d1   Thumb Code     6  errno.o(i.__set_errno)
    board_init                               0x08004291   Thumb Code   106  board.o(i.board_init)
    delay_ms                                 0x08004309   Thumb Code    18  board.o(i.delay_ms)
    delay_us                                 0x0800431d   Thumb Code    74  board.o(i.delay_us)
    fputc                                    0x08004371   Thumb Code    32  bsp_uart.o(i.fputc)
    get_tick                                 0x08004395   Thumb Code     6  board.o(i.get_tick)
    main                                     0x080043a1   Thumb Code   220  main.o(i.main)
    uart1_init                               0x080044e5   Thumb Code   236  bsp_uart.o(i.uart1_init)
    uart2_init                               0x080045d9   Thumb Code   160  bsp_uart.o(i.uart2_init)
    uart3_init                               0x08004681   Thumb Code   156  bsp_uart.o(i.uart3_init)
    Region$$Table$$Base                      0x08004744   Number         0  anon$$obj.o(Region$$Table)
    Region$$Table$$Limit                     0x08004764   Number         0  anon$$obj.o(Region$$Table)
    SystemCoreClock                          0x20000000   Data           4  system_stm32f4xx.o(.data)
    AHBPrescTable                            0x20000004   Data          16  system_stm32f4xx.o(.data)
    g_main_target_yaw                        0x20000014   Data           4  main.o(.data)
    g_turn_offset                            0x20000020   Data           4  app_motor.o(.data)
    g_base_speed                             0x20000024   Data           4  app_motor.o(.data)
    g_odom_distance_count                    0x20000028   Data           4  app_motor.o(.data)
    g_vision_enable                          0x2000002c   Data           1  app_motor.o(.data)
    pid_L                                    0x20000030   Data          40  app_motor.o(.data)
    pid_R                                    0x20000058   Data          40  app_motor.o(.data)
    pid_Yaw                                  0x20000080   Data          32  app_motor.o(.data)
    pid_Pos                                  0x200000a0   Data          32  app_motor.o(.data)
    pid_Vision                               0x200000c4   Data          28  app_vision.o(.data)
    g_current_mode                           0x200000e0   Data           1  app_task.o(.data)
    g_uart_rx_sta                            0x20000150   Data           1  bsp_uart.o(.data)
    g_yaw                                    0x20000154   Data           4  bsp_uart.o(.data)
    g_system_tick                            0x20000168   Data           4  board.o(.data)
    __stdout                                 0x2000017c   Data           4  stdout.o(.data)
    g_vision_info                            0x20000184   Data          12  app_vision.o(.bss)
    g_uart_rx_buf                            0x20000190   Data          64  bsp_uart.o(.bss)
    __initial_sp                             0x200005e0   Data           0  startup_stm32f40xx.o(STACK)



==============================================================================

Memory Map of the image

  Image Entry point : 0x08000189

  Load Region LR_IROM1 (Base: 0x08000000, Size: 0x000048e8, Max: 0x00080000, ABSOLUTE, COMPRESSED[0x000047b4])

    Execution Region ER_IROM1 (Exec base: 0x08000000, Load base: 0x08000000, Size: 0x00004764, Max: 0x00080000, ABSOLUTE)

    Exec Addr    Load Addr    Size         Type   Attr      Idx    E Section Name        Object

    0x08000000   0x08000000   0x00000188   Data   RO          481    RESET               startup_stm32f40xx.o
    0x08000188   0x08000188   0x00000000   Code   RO         5815  * .ARM.Collect$$$$00000000  mc_w.l(entry.o)
    0x08000188   0x08000188   0x00000004   Code   RO         6106    .ARM.Collect$$$$00000001  mc_w.l(entry2.o)
    0x0800018c   0x0800018c   0x00000004   Code   RO         6109    .ARM.Collect$$$$00000004  mc_w.l(entry5.o)
    0x08000190   0x08000190   0x00000000   Code   RO         6111    .ARM.Collect$$$$00000008  mc_w.l(entry7b.o)
    0x08000190   0x08000190   0x00000000   Code   RO         6113    .ARM.Collect$$$$0000000A  mc_w.l(entry8b.o)
    0x08000190   0x08000190   0x00000008   Code   RO         6114    .ARM.Collect$$$$0000000B  mc_w.l(entry9a.o)
    0x08000198   0x08000198   0x00000000   Code   RO         6116    .ARM.Collect$$$$0000000D  mc_w.l(entry10a.o)
    0x08000198   0x08000198   0x00000000   Code   RO         6118    .ARM.Collect$$$$0000000F  mc_w.l(entry11a.o)
    0x08000198   0x08000198   0x00000004   Code   RO         6107    .ARM.Collect$$$$00002712  mc_w.l(entry2.o)
    0x0800019c   0x0800019c   0x00000024   Code   RO          482    .text               startup_stm32f40xx.o
    0x080001c0   0x080001c0   0x00000026   Code   RO         6081    .text               mf_w.l(f2d.o)
    0x080001e6   0x080001e6   0x00000002   PAD
    0x080001e8   0x080001e8   0x00000030   Code   RO         6083    .text               mf_w.l(cdcmple.o)
    0x08000218   0x08000218   0x00000030   Code   RO         6085    .text               mf_w.l(cdrcmple.o)
    0x08000248   0x08000248   0x0000002c   Code   RO         6121    .text               mc_w.l(uidiv.o)
    0x08000274   0x08000274   0x00000062   Code   RO         6123    .text               mc_w.l(uldiv.o)
    0x080002d6   0x080002d6   0x00000000   Code   RO         6132    .text               mc_w.l(iusefp.o)
    0x080002d6   0x080002d6   0x0000014e   Code   RO         6133    .text               mf_w.l(dadd.o)
    0x08000424   0x08000424   0x000000e4   Code   RO         6135    .text               mf_w.l(dmul.o)
    0x08000508   0x08000508   0x000000de   Code   RO         6137    .text               mf_w.l(ddiv.o)
    0x080005e6   0x080005e6   0x00000030   Code   RO         6139    .text               mf_w.l(dfixul.o)
    0x08000616   0x08000616   0x00000002   PAD
    0x08000618   0x08000618   0x00000024   Code   RO         6141    .text               mc_w.l(init.o)
    0x0800063c   0x0800063c   0x0000001e   Code   RO         6143    .text               mc_w.l(llshl.o)
    0x0800065a   0x0800065a   0x00000020   Code   RO         6145    .text               mc_w.l(llushr.o)
    0x0800067a   0x0800067a   0x00000024   Code   RO         6147    .text               mc_w.l(llsshr.o)
    0x0800069e   0x0800069e   0x000000ba   Code   RO         6149    .text               mf_w.l(depilogue.o)
    0x08000758   0x08000758   0x00000056   Code   RO         6159    .text               mc_w.l(__dczerorl2.o)
    0x080007ae   0x080007ae   0x00000002   PAD
    0x080007b0   0x080007b0   0x00000034   Code   RO          572    i.AIN_GPIO_INIT     bsp_motor.o
    0x080007e4   0x080007e4   0x00000048   Code   RO          573    i.AO_Control        bsp_motor.o
    0x0800082c   0x0800082c   0x0000000e   Code   RO          289    i.App_Motor_Init    app_motor.o
    0x0800083a   0x0800083a   0x00000002   PAD
    0x0800083c   0x0800083c   0x0000000c   Code   RO          407    i.App_Task_Init     app_task.o
    0x08000848   0x08000848   0x0000005c   Code   RO          408    i.App_Task_Run      app_task.o
    0x080008a4   0x080008a4   0x0000001c   Code   RO          358    i.App_Vision_Init   app_vision.o
    0x080008c0   0x080008c0   0x00000034   Code   RO          574    i.BIN_GPIO_INIT     bsp_motor.o
    0x080008f4   0x080008f4   0x00000048   Code   RO          575    i.BO_Control        bsp_motor.o
    0x0800093c   0x0800093c   0x00000004   Code   RO          213    i.BusFault_Handler  stm32f4xx_it.o
    0x08000940   0x08000940   0x00000002   Code   RO          214    i.DebugMon_Handler  stm32f4xx_it.o
    0x08000942   0x08000942   0x0000001a   Code   RO          620    i.Encoder_Get_Speed_Left  bsp_encoder.o
    0x0800095c   0x0800095c   0x0000001c   Code   RO          621    i.Encoder_Get_Speed_Right  bsp_encoder.o
    0x08000978   0x08000978   0x000000b0   Code   RO          622    i.Encoder_Init_All  bsp_encoder.o
    0x08000a28   0x08000a28   0x00000090   Code   RO         2646    i.GPIO_Init         stm32f4xx_gpio.o
    0x08000ab8   0x08000ab8   0x00000046   Code   RO         2647    i.GPIO_PinAFConfig  stm32f4xx_gpio.o
    0x08000afe   0x08000afe   0x00000006   Code   RO         2653    i.GPIO_ResetBits    stm32f4xx_gpio.o
    0x08000b04   0x08000b04   0x00000004   Code   RO         2654    i.GPIO_SetBits      stm32f4xx_gpio.o
    0x08000b08   0x08000b08   0x00000012   Code   RO         2655    i.GPIO_StructInit   stm32f4xx_gpio.o
    0x08000b1a   0x08000b1a   0x0000000c   Code   RO         2658    i.GPIO_WriteBit     stm32f4xx_gpio.o
    0x08000b26   0x08000b26   0x00000004   Code   RO          215    i.HardFault_Handler  stm32f4xx_it.o
    0x08000b2a   0x08000b2a   0x00000002   PAD
    0x08000b2c   0x08000b2c   0x0000003c   Code   RO          686    i.LED_Init          bsp_led.o
    0x08000b68   0x08000b68   0x00000004   Code   RO          216    i.MemManage_Handler  stm32f4xx_it.o
    0x08000b6c   0x08000b6c   0x00000024   Code   RO          290    i.Motor_Get_LostLine_Target_Yaw  app_motor.o
    0x08000b90   0x08000b90   0x0000006c   Code   RO          291    i.Motor_Position_Control_Loop  app_motor.o
    0x08000bfc   0x08000bfc   0x000001b8   Code   RO          292    i.Motor_Speed_Control_PID  app_motor.o
    0x08000db4   0x08000db4   0x000000e4   Code   RO          293    i.Motor_Yaw_Control_Loop  app_motor.o
    0x08000e98   0x08000e98   0x00000002   Code   RO          217    i.NMI_Handler       stm32f4xx_it.o
    0x08000e9a   0x08000e9a   0x00000002   PAD
    0x08000e9c   0x08000e9c   0x00000078   Code   RO          771    i.NVIC_Init         misc.o
    0x08000f14   0x08000f14   0x00000014   Code   RO          772    i.NVIC_PriorityGroupConfig  misc.o
    0x08000f28   0x08000f28   0x00000130   Code   RO          294    i.PID_Position_Compute  app_motor.o
    0x08001058   0x08001058   0x00000002   Code   RO          218    i.PendSV_Handler    stm32f4xx_it.o
    0x0800105a   0x0800105a   0x00000002   PAD
    0x0800105c   0x0800105c   0x00000020   Code   RO         3572    i.RCC_AHB1PeriphClockCmd  stm32f4xx_rcc.o
    0x0800107c   0x0800107c   0x00000020   Code   RO         3581    i.RCC_APB1PeriphClockCmd  stm32f4xx_rcc.o
    0x0800109c   0x0800109c   0x00000020   Code   RO         3583    i.RCC_APB1PeriphResetCmd  stm32f4xx_rcc.o
    0x080010bc   0x080010bc   0x00000020   Code   RO         3584    i.RCC_APB2PeriphClockCmd  stm32f4xx_rcc.o
    0x080010dc   0x080010dc   0x00000020   Code   RO         3586    i.RCC_APB2PeriphResetCmd  stm32f4xx_rcc.o
    0x080010fc   0x080010fc   0x000000e8   Code   RO         3593    i.RCC_GetClocksFreq  stm32f4xx_rcc.o
    0x080011e4   0x080011e4   0x000000c4   Code   RO          409    i.Run_Task_1        app_task.o
    0x080012a8   0x080012a8   0x00000360   Code   RO          410    i.Run_Task_2        app_task.o
    0x08001608   0x08001608   0x0000078c   Code   RO          411    i.Run_Task_3        app_task.o
    0x08001d94   0x08001d94   0x000007d8   Code   RO          412    i.Run_Task_4        app_task.o
    0x0800256c   0x0800256c   0x00000002   Code   RO          219    i.SVC_Handler       stm32f4xx_it.o
    0x0800256e   0x0800256e   0x00000002   PAD
    0x08002570   0x08002570   0x000000ec   Code   RO            4    i.SetSysClock       system_stm32f4xx.o
    0x0800265c   0x0800265c   0x00000028   Code   RO          775    i.SysTick_CLKSourceConfig  misc.o
    0x08002684   0x08002684   0x00000010   Code   RO          220    i.SysTick_Handler   stm32f4xx_it.o
    0x08002694   0x08002694   0x00000068   Code   RO            6    i.SystemInit        system_stm32f4xx.o
    0x080026fc   0x080026fc   0x000000c8   Code   RO          576    i.TB6612_Init       bsp_motor.o
    0x080027c4   0x080027c4   0x00000020   Code   RO          656    i.TIM1_UP_TIM10_IRQHandler  bsp_timer.o
    0x080027e4   0x080027e4   0x00000006   Code   RO         4962    i.TIM_ClearFlag     stm32f4xx_tim.o
    0x080027ea   0x080027ea   0x00000006   Code   RO         4963    i.TIM_ClearITPendingBit  stm32f4xx_tim.o
    0x080027f0   0x080027f0   0x00000018   Code   RO         4968    i.TIM_Cmd           stm32f4xx_tim.o
    0x08002808   0x08002808   0x00000042   Code   RO         4977    i.TIM_EncoderInterfaceConfig  stm32f4xx_tim.o
    0x0800284a   0x0800284a   0x00000006   Code   RO         4987    i.TIM_GetCounter    stm32f4xx_tim.o
    0x08002850   0x08002850   0x00000022   Code   RO         4989    i.TIM_GetITStatus   stm32f4xx_tim.o
    0x08002872   0x08002872   0x00000012   Code   RO         4993    i.TIM_ITConfig      stm32f4xx_tim.o
    0x08002884   0x08002884   0x0000007c   Code   RO         4997    i.TIM_OC1Init       stm32f4xx_tim.o
    0x08002900   0x08002900   0x00000012   Code   RO         5000    i.TIM_OC1PreloadConfig  stm32f4xx_tim.o
    0x08002912   0x08002912   0x00000002   PAD
    0x08002914   0x08002914   0x000000a4   Code   RO         5002    i.TIM_OC2Init       stm32f4xx_tim.o
    0x080029b8   0x080029b8   0x0000001a   Code   RO         5005    i.TIM_OC2PreloadConfig  stm32f4xx_tim.o
    0x080029d2   0x080029d2   0x00000004   Code   RO         5030    i.TIM_SetCompare1   stm32f4xx_tim.o
    0x080029d6   0x080029d6   0x00000004   Code   RO         5031    i.TIM_SetCompare2   stm32f4xx_tim.o
    0x080029da   0x080029da   0x00000004   Code   RO         5034    i.TIM_SetCounter    stm32f4xx_tim.o
    0x080029de   0x080029de   0x00000002   PAD
    0x080029e0   0x080029e0   0x00000084   Code   RO         5040    i.TIM_TimeBaseInit  stm32f4xx_tim.o
    0x08002a64   0x08002a64   0x000000a8   Code   RO          413    i.Task_Diag_Speed_Profile  app_task.o
    0x08002b0c   0x08002b0c   0x00000054   Code   RO          414    i.Task_Get_Yaw_Error  app_task.o
    0x08002b60   0x08002b60   0x000000a0   Code   RO          415    i.Task_Ramp_Yaw_Target  app_task.o
    0x08002c00   0x08002c00   0x00000070   Code   RO          657    i.Timer_PID_Init    bsp_timer.o
    0x08002c70   0x08002c70   0x00000020   Code   RO          491    i.USART1_IRQHandler  bsp_uart.o
    0x08002c90   0x08002c90   0x000001a0   Code   RO          492    i.USART2_IRQHandler  bsp_uart.o
    0x08002e30   0x08002e30   0x0000008c   Code   RO          493    i.USART3_IRQHandler  bsp_uart.o
    0x08002ebc   0x08002ebc   0x00000012   Code   RO         5518    i.USART_ClearFlag   stm32f4xx_usart.o
    0x08002ece   0x08002ece   0x0000001e   Code   RO         5519    i.USART_ClearITPendingBit  stm32f4xx_usart.o
    0x08002eec   0x08002eec   0x00000018   Code   RO         5522    i.USART_Cmd         stm32f4xx_usart.o
    0x08002f04   0x08002f04   0x000000f0   Code   RO         5524    i.USART_DeInit      stm32f4xx_usart.o
    0x08002ff4   0x08002ff4   0x0000001a   Code   RO         5525    i.USART_GetFlagStatus  stm32f4xx_usart.o
    0x0800300e   0x0800300e   0x00000054   Code   RO         5526    i.USART_GetITStatus  stm32f4xx_usart.o
    0x08003062   0x08003062   0x0000004a   Code   RO         5528    i.USART_ITConfig    stm32f4xx_usart.o
    0x080030ac   0x080030ac   0x000000d4   Code   RO         5529    i.USART_Init        stm32f4xx_usart.o
    0x08003180   0x08003180   0x0000000a   Code   RO         5536    i.USART_ReceiveData  stm32f4xx_usart.o
    0x0800318a   0x0800318a   0x00000008   Code   RO         5539    i.USART_SendData    stm32f4xx_usart.o
    0x08003192   0x08003192   0x00000018   Code   RO         5545    i.USART_StructInit  stm32f4xx_usart.o
    0x080031aa   0x080031aa   0x00000004   Code   RO          221    i.UsageFault_Handler  stm32f4xx_it.o
    0x080031ae   0x080031ae   0x00000002   PAD
    0x080031b0   0x080031b0   0x00000020   Code   RO          359    i.Vision_Check_Timeout  app_vision.o
    0x080031d0   0x080031d0   0x00000088   Code   RO          360    i.Vision_Control_Loop  app_vision.o
    0x08003258   0x08003258   0x0000004c   Code   RO          361    i.Vision_Data_Parse  app_vision.o
    0x080032a4   0x080032a4   0x00000020   Code   RO         6053    i.__0printf         mc_w.l(printfa.o)
    0x080032c4   0x080032c4   0x00000026   Code   RO         6087    i.__ARM_fpclassifyf  m_wm.l(fpclassifyf.o)
    0x080032ea   0x080032ea   0x00000002   PAD
    0x080032ec   0x080032ec   0x00000250   Code   RO         5773    i.__hardfp_atan2f   m_wm.l(atan2f.o)
    0x0800353c   0x0800353c   0x00000150   Code   RO         5785    i.__hardfp_cosf     m_wm.l(cosf.o)
    0x0800368c   0x0800368c   0x00000014   Code   RO         5797    i.__hardfp_fabs     m_wm.l(fabs.o)
    0x080036a0   0x080036a0   0x00000190   Code   RO         5803    i.__hardfp_sinf     m_wm.l(sinf.o)
    0x08003830   0x08003830   0x00000006   Code   RO         6090    i.__mathlib_flt_infnan  m_wm.l(funder.o)
    0x08003836   0x08003836   0x00000006   Code   RO         6091    i.__mathlib_flt_infnan2  m_wm.l(funder.o)
    0x0800383c   0x0800383c   0x00000010   Code   RO         6092    i.__mathlib_flt_invalid  m_wm.l(funder.o)
    0x0800384c   0x0800384c   0x00000010   Code   RO         6095    i.__mathlib_flt_underflow  m_wm.l(funder.o)
    0x0800385c   0x0800385c   0x00000154   Code   RO         6103    i.__mathlib_rredf2  m_wm.l(rredf.o)
    0x080039b0   0x080039b0   0x0000000e   Code   RO         6153    i.__scatterload_copy  mc_w.l(handlers.o)
    0x080039be   0x080039be   0x00000002   Code   RO         6154    i.__scatterload_null  mc_w.l(handlers.o)
    0x080039c0   0x080039c0   0x0000000e   Code   RO         6155    i.__scatterload_zeroinit  mc_w.l(handlers.o)
    0x080039ce   0x080039ce   0x00000002   PAD
    0x080039d0   0x080039d0   0x0000000c   Code   RO         6127    i.__set_errno       mc_w.l(errno.o)
    0x080039dc   0x080039dc   0x00000184   Code   RO         6060    i._fp_digits        mc_w.l(printfa.o)
    0x08003b60   0x08003b60   0x000006dc   Code   RO         6061    i._printf_core      mc_w.l(printfa.o)
    0x0800423c   0x0800423c   0x00000024   Code   RO         6062    i._printf_post_padding  mc_w.l(printfa.o)
    0x08004260   0x08004260   0x0000002e   Code   RO         6063    i._printf_pre_padding  mc_w.l(printfa.o)
    0x0800428e   0x0800428e   0x00000002   PAD
    0x08004290   0x08004290   0x00000078   Code   RO          710    i.board_init        board.o
    0x08004308   0x08004308   0x00000012   Code   RO          713    i.delay_ms          board.o
    0x0800431a   0x0800431a   0x00000002   PAD
    0x0800431c   0x0800431c   0x00000054   Code   RO          714    i.delay_us          board.o
    0x08004370   0x08004370   0x00000024   Code   RO          494    i.fputc             bsp_uart.o
    0x08004394   0x08004394   0x0000000c   Code   RO          715    i.get_tick          board.o
    0x080043a0   0x080043a0   0x00000144   Code   RO          148    i.main              main.o
    0x080044e4   0x080044e4   0x000000f4   Code   RO          495    i.uart1_init        bsp_uart.o
    0x080045d8   0x080045d8   0x000000a8   Code   RO          496    i.uart2_init        bsp_uart.o
    0x08004680   0x08004680   0x000000a4   Code   RO          497    i.uart3_init        bsp_uart.o
    0x08004724   0x08004724   0x00000020   Data   RO         6104    .constdata          m_wm.l(rredf.o)
    0x08004744   0x08004744   0x00000020   Data   RO         6151    Region$$Table       anon$$obj.o


    Execution Region RW_IRAM1 (Exec base: 0x20000000, Load base: 0x08004764, Size: 0x000005e0, Max: 0x00020000, ABSOLUTE, COMPRESSED[0x00000050])

    Exec Addr    Load Addr    Size         Type   Attr      Idx    E Section Name        Object

    0x20000000   COMPRESSED   0x00000014   Data   RW            7    .data               system_stm32f4xx.o
    0x20000014   COMPRESSED   0x0000000c   Data   RW          149    .data               main.o
    0x20000020   COMPRESSED   0x000000a2   Data   RW          295    .data               app_motor.o
    0x200000c2   COMPRESSED   0x00000002   PAD
    0x200000c4   COMPRESSED   0x0000001c   Data   RW          363    .data               app_vision.o
    0x200000e0   COMPRESSED   0x0000006d   Data   RW          416    .data               app_task.o
    0x2000014d   COMPRESSED   0x00000003   PAD
    0x20000150   COMPRESSED   0x00000015   Data   RW          499    .data               bsp_uart.o
    0x20000165   COMPRESSED   0x00000003   PAD
    0x20000168   COMPRESSED   0x00000004   Data   RW          716    .data               board.o
    0x2000016c   COMPRESSED   0x00000010   Data   RW         3625    .data               stm32f4xx_rcc.o
    0x2000017c   COMPRESSED   0x00000004   Data   RW         6120    .data               mc_w.l(stdout.o)
    0x20000180   COMPRESSED   0x00000004   Data   RW         6128    .data               mc_w.l(errno.o)
    0x20000184        -       0x0000000c   Zero   RW          362    .bss                app_vision.o
    0x20000190        -       0x0000004b   Zero   RW          498    .bss                bsp_uart.o
    0x200001db   COMPRESSED   0x00000005   PAD
    0x200001e0        -       0x00000400   Zero   RW          479    STACK               startup_stm32f40xx.o


==============================================================================

Image component sizes


      Code (inc. data)   RO Data    RW Data    ZI Data      Debug   Object Name

      1130         90          0        162          0       6202   app_motor.o
      5516        638          0        109          0       9108   app_task.o
       272         24          0         28         12       3818   app_vision.o
       234         30          0          4          0      29369   board.o
       230         18          0          0          0       1750   bsp_encoder.o
        60          4          0          0          0        539   bsp_led.o
       448         36          0          0          0       3164   bsp_motor.o
       144         10          0          0          0       1160   bsp_timer.o
      1200         80          0         21         75       7467   bsp_uart.o
       324        104          0         12          0       1011   main.o
       180         24          0          0          0       2553   misc.o
        36          8        392          0       1024        952   startup_stm32f40xx.o
       254          0          0          0          0       4733   stm32f4xx_gpio.o
        40          4          0          0          0       4402   stm32f4xx_it.o
       392         48          0         16          0       6593   stm32f4xx_rcc.o
       636         48          0          0          0      11391   stm32f4xx_tim.o
       750         42          0          0          0       9039   stm32f4xx_usart.o
       340         32          0         20          0     294169   system_stm32f4xx.o

    ----------------------------------------------------------------------
     12204       1240        424        380       1116     397420   Object Totals
         0          0         32          0          0          0   (incl. Generated)
        18          0          0          8          5          0   (incl. Padding)

    ----------------------------------------------------------------------

      Code (inc. data)   RO Data    RW Data    ZI Data      Debug   Library Member Name

       592         90          0          0          0        184   atan2f.o
       336         56          0          0          0        136   cosf.o
        20          0          0          0          0        124   fabs.o
        38          0          0          0          0        116   fpclassifyf.o
        44         12          0          0          0        464   funder.o
       340         24         32          0          0        160   rredf.o
       400         56          0          0          0        212   sinf.o
        86          0          0          0          0          0   __dczerorl2.o
         0          0          0          0          0          0   entry.o
         0          0          0          0          0          0   entry10a.o
         0          0          0          0          0          0   entry11a.o
         8          4          0          0          0          0   entry2.o
         4          0          0          0          0          0   entry5.o
         0          0          0          0          0          0   entry7b.o
         0          0          0          0          0          0   entry8b.o
         8          4          0          0          0          0   entry9a.o
        12          6          0          4          0         68   errno.o
        30          0          0          0          0          0   handlers.o
        36          8          0          0          0         68   init.o
         0          0          0          0          0          0   iusefp.o
        30          0          0          0          0         68   llshl.o
        36          0          0          0          0         68   llsshr.o
        32          0          0          0          0         68   llushr.o
      2258         90          0          0          0        452   printfa.o
         0          0          0          4          0          0   stdout.o
        44          0          0          0          0         80   uidiv.o
        98          0          0          0          0         92   uldiv.o
        48          0          0          0          0         68   cdcmple.o
        48          0          0          0          0         68   cdrcmple.o
       334          0          0          0          0        148   dadd.o
       222          0          0          0          0        100   ddiv.o
       186          0          0          0          0        176   depilogue.o
        48          0          0          0          0         68   dfixul.o
       228          0          0          0          0         96   dmul.o
        38          0          0          0          0         68   f2d.o

    ----------------------------------------------------------------------
      5616        350         32          8          0       3152   Library Totals
        12          0          0          0          0          0   (incl. Padding)

    ----------------------------------------------------------------------

      Code (inc. data)   RO Data    RW Data    ZI Data      Debug   Library Name

      1770        238         32          0          0       1396   m_wm.l
      2682        112          0          8          0        964   mc_w.l
      1152          0          0          0          0        792   mf_w.l

    ----------------------------------------------------------------------
      5616        350         32          8          0       3152   Library Totals

    ----------------------------------------------------------------------

==============================================================================


      Code (inc. data)   RO Data    RW Data    ZI Data      Debug   

     17820       1590        456        388       1116     390624   Grand Totals
     17820       1590        456         80       1116     390624   ELF Image Totals (compressed)
     17820       1590        456         80          0          0   ROM Totals

==============================================================================

    Total RO  Size (Code + RO Data)                18276 (  17.85kB)
    Total RW  Size (RW Data + ZI Data)              1504 (   1.47kB)
    Total ROM Size (Code + RO Data + RW Data)      18356 (  17.93kB)

==============================================================================

